Component: ARM Compiler 5.06 update 6 (build 750) Tool: armlink [4d35ed]

==============================================================================

Section Cross References

    main.o(.text) refers to heap_4.o(.text) for pvPortMalloc
    main.o(.text) refers to tasks.o(.text) for vTaskGetRunTimeStats
    main.o(.text) refers to printf3.o(i.__0printf$3) for __2printf
    main.o(.text) refers to port.o(.text) for vPortEnterCritical
    main.o(.text) refers to queue.o(.text) for xQueueGenericCreate
    main.o(.text) refers to misc.o(.text) for NVIC_PriorityGroupConfig
    main.o(.text) refers to delay.o(.text) for delay_init
    main.o(.text) refers to usart.o(.text) for uart_init
    main.o(.text) refers to led.o(.text) for LED_Init
    main.o(.text) refers to main.o(.data) for Usart1_Queue
    system_stm32f4xx.o(.text) refers to system_stm32f4xx.o(.data) for SystemCoreClock
    startup_stm32f4xx.o(RESET) refers to startup_stm32f4xx.o(STACK) for __initial_sp
    startup_stm32f4xx.o(RESET) refers to startup_stm32f4xx.o(.text) for Reset_Handler
    startup_stm32f4xx.o(RESET) refers to stm32f4xx_it.o(.text) for NMI_Handler
    startup_stm32f4xx.o(RESET) refers to port.o(.emb_text) for SVC_Handler
    startup_stm32f4xx.o(RESET) refers to delay.o(.text) for SysTick_Handler
    startup_stm32f4xx.o(RESET) refers to timer.o(.text) for TIM3_IRQHandler
    startup_stm32f4xx.o(RESET) refers to usart.o(.text) for USART1_IRQHandler
    startup_stm32f4xx.o(.text) refers to system_stm32f4xx.o(.text) for SystemInit
    startup_stm32f4xx.o(.text) refers to entry.o(.ARM.Collect$$$$00000000) for __main
    stm32f4xx_gpio.o(.text) refers to stm32f4xx_rcc.o(.text) for RCC_AHB1PeriphResetCmd
    stm32f4xx_rcc.o(.text) refers to stm32f4xx_rcc.o(.data) for APBAHBPrescTable
    stm32f4xx_syscfg.o(.text) refers to stm32f4xx_rcc.o(.text) for RCC_APB2PeriphResetCmd
    stm32f4xx_tim.o(.text) refers to stm32f4xx_rcc.o(.text) for RCC_APB2PeriphResetCmd
    stm32f4xx_usart.o(.text) refers to stm32f4xx_rcc.o(.text) for RCC_APB2PeriphResetCmd
    delay.o(.text) refers to tasks.o(.text) for xTaskGetSchedulerState
    delay.o(.text) refers to port.o(.text) for xPortSysTickHandler
    delay.o(.text) refers to misc.o(.text) for SysTick_CLKSourceConfig
    delay.o(.text) refers to delay.o(.data) for fac_us
    usart.o(.text) refers to stm32f4xx_rcc.o(.text) for RCC_AHB1PeriphClockCmd
    usart.o(.text) refers to stm32f4xx_gpio.o(.text) for GPIO_PinAFConfig
    usart.o(.text) refers to stm32f4xx_usart.o(.text) for USART_Init
    usart.o(.text) refers to misc.o(.text) for NVIC_Init
    usart.o(.text) refers to usart.o(.data) for USART_RX_STA
    usart.o(.text) refers to usart.o(.bss) for USART_RX_BUF
    event_groups.o(.text) refers to heap_4.o(.text) for pvPortMalloc
    event_groups.o(.text) refers to list.o(.text) for vListInitialise
    event_groups.o(.text) refers to tasks.o(.text) for vTaskSuspendAll
    event_groups.o(.text) refers to port.o(.text) for vPortEnterCritical
    queue.o(.text) refers to port.o(.text) for vPortEnterCritical
    queue.o(.text) refers to tasks.o(.text) for xTaskRemoveFromEventList
    queue.o(.text) refers to list.o(.text) for vListInitialise
    queue.o(.text) refers to heap_4.o(.text) for pvPortMalloc
    queue.o(.text) refers to memcpya.o(.text) for __aeabi_memcpy
    queue.o(.text) refers to queue.o(.bss) for xQueueRegistry
    stream_buffer.o(.text) refers to memseta.o(.text) for memset
    stream_buffer.o(.text) refers to heap_4.o(.text) for pvPortMalloc
    stream_buffer.o(.text) refers to memcpya.o(.text) for __aeabi_memcpy
    stream_buffer.o(.text) refers to tasks.o(.text) for vTaskSetTimeOutState
    stream_buffer.o(.text) refers to port.o(.text) for vPortEnterCritical
    tasks.o(.text) refers to list.o(.text) for vListInitialise
    tasks.o(.text) refers to port.o(.text) for vPortEnterCritical
    tasks.o(.text) refers to memseta.o(.text) for __aeabi_memset
    tasks.o(.text) refers to heap_4.o(.text) for pvPortMalloc
    tasks.o(.text) refers to tasks.o(.bss) for pxReadyTasksLists
    tasks.o(.text) refers to tasks.o(.data) for pxDelayedTaskList
    tasks.o(.text) refers to timers.o(.text) for xTimerCreateTimerTask
    tasks.o(.text) refers to timer.o(.data) for FreeRTOSRunTimeTicks
    tasks.o(.text) refers to timer.o(.text) for ConfigureTimeForRunTimeStats
    tasks.o(.text) refers to strcpy.o(.text) for strcpy
    tasks.o(.text) refers to strlen.o(.text) for strlen
    tasks.o(.text) refers to printf3.o(i.__0sprintf$3) for __2sprintf
    timers.o(.text) refers to list.o(.text) for vListInsert
    timers.o(.text) refers to tasks.o(.text) for xTaskGetSchedulerState
    timers.o(.text) refers to queue.o(.text) for xQueueGenericSend
    timers.o(.text) refers to heap_4.o(.text) for vPortFree
    timers.o(.text) refers to port.o(.text) for vPortEnterCritical
    timers.o(.text) refers to timers.o(.data) for pxOverflowTimerList
    timers.o(.text) refers to timers.o(.bss) for xActiveTimerList1
[...]
    printf7.o(i.__0vsnprintf$7) refers to printf7.o(i._printf_core) for _printf_core
    printf7.o(i.__0vsnprintf$7) refers to printf7.o(i._snputc) for _snputc
    printf7.o(i.__0vsprintf$7) refers to printf7.o(i._printf_core) for _printf_core
    printf7.o(i.__0vsprintf$7) refers to printf7.o(i._sputc) for _sputc
    printf7.o(i._printf_core) refers to printf7.o(i._printf_pre_padding) for _printf_pre_padding
    printf7.o(i._printf_core) refers to uldiv.o(.text) for __aeabi_uldivmod
    printf7.o(i._printf_core) refers to printf7.o(i._printf_post_padding) for _printf_post_padding
    printf8.o(i.__0fprintf$8) refers to printf8.o(i._printf_core) for _printf_core
    printf8.o(i.__0fprintf$8) refers to usart.o(.text) for fputc
    printf8.o(i.__0printf$8) refers to printf8.o(i._printf_core) for _printf_core
    printf8.o(i.__0printf$8) refers to usart.o(.text) for fputc
    printf8.o(i.__0printf$8) refers to usart.o(.data) for __stdout
    printf8.o(i.__0snprintf$8) refers to printf8.o(i._printf_core) for _printf_core
    printf8.o(i.__0snprintf$8) refers to printf8.o(i._snputc) for _snputc
    printf8.o(i.__0sprintf$8) refers to printf8.o(i._printf_core) for _printf_core
    printf8.o(i.__0sprintf$8) refers to printf8.o(i._sputc) for _sputc
    printf8.o(i.__0vfprintf$8) refers to printf8.o(i._printf_core) for _printf_core
    printf8.o(i.__0vfprintf$8) refers to usart.o(.text) for fputc
    printf8.o(i.__0vprintf$8) refers to printf8.o(i._printf_core) for _printf_core
    printf8.o(i.__0vprintf$8) refers to usart.o(.text) for fputc
    printf8.o(i.__0vprintf$8) refers to usart.o(.data) for __stdout
    printf8.o(i.__0vsnprintf$8) refers to printf8.o(i._printf_core) for _printf_core
    printf8.o(i.__0vsnprintf$8) refers to printf8.o(i._snputc) for _snputc
    printf8.o(i.__0vsprintf$8) refers to printf8.o(i._printf_core) for _printf_core
    printf8.o(i.__0vsprintf$8) refers to printf8.o(i._sputc) for _sputc
    printf8.o(i._printf_core) refers to printf8.o(i._printf_pre_padding) for _printf_pre_padding
    printf8.o(i._printf_core) refers to uldiv.o(.text) for __aeabi_uldivmod
    printf8.o(i._printf_core) refers to printf8.o(i._printf_post_padding) for _printf_post_padding
    printfa.o(i.__0fprintf) refers (Special) to iusefp.o(.text) for __I$use$fp
    printfa.o(i.__0fprintf) refers to printfa.o(i._printf_core) for _printf_core
    printfa.o(i.__0fprintf) refers to usart.o(.text) for fputc
    printfa.o(i.__0printf) refers (Special) to iusefp.o(.text) for __I$use$fp
    printfa.o(i.__0printf) refers to printfa.o(i._printf_core) for _printf_core
    printfa.o(i.__0printf) refers to usart.o(.text) for fputc
    printfa.o(i.__0printf) refers to usart.o(.data) for __stdout
    printfa.o(i.__0snprintf) refers (Special) to iusefp.o(.text) for __I$use$fp
    printfa.o(i.__0snprintf) refers to printfa.o(i._printf_core) for _printf_core
    printfa.o(i.__0snprintf) refers to printfa.o(i._snputc) for _snputc
    printfa.o(i.__0sprintf) refers (Special) to iusefp.o(.text) for __I$use$fp
    printfa.o(i.__0sprintf) refers to printfa.o(i._printf_core) for _printf_core
    printfa.o(i.__0sprintf) refers to printfa.o(i._sputc) for _sputc
    printfa.o(i.__0vfprintf) refers (Special) to iusefp.o(.text) for __I$use$fp
    printfa.o(i.__0vfprintf) refers to printfa.o(i._printf_core) for _printf_core
    printfa.o(i.__0vfprintf) refers to usart.o(.text) for fputc
    printfa.o(i.__0vprintf) refers (Special) to iusefp.o(.text) for __I$use$fp
    printfa.o(i.__0vprintf) refers to printfa.o(i._printf_core) for _printf_core
    printfa.o(i.__0vprintf) refers to usart.o(.text) for fputc
    printfa.o(i.__0vprintf) refers to usart.o(.data) for __stdout
    printfa.o(i.__0vsnprintf) refers (Special) to iusefp.o(.text) for __I$use$fp
    printfa.o(i.__0vsnprintf) refers to printfa.o(i._printf_core) for _printf_core
    printfa.o(i.__0vsnprintf) refers to printfa.o(i._snputc) for _snputc
    printfa.o(i.__0vsprintf) refers (Special) to iusefp.o(.text) for __I$use$fp
    printfa.o(i.__0vsprintf) refers to printfa.o(i._printf_core) for _printf_core
    printfa.o(i.__0vsprintf) refers to printfa.o(i._sputc) for _sputc
    printfa.o(i._fp_digits) refers (Special) to iusefp.o(.text) for __I$use$fp
    printfa.o(i._fp_digits) refers to dmul.o(.text) for __aeabi_dmul
    printfa.o(i._fp_digits) refers to ddiv.o(.text) for __aeabi_ddiv
    printfa.o(i._fp_digits) refers to cdrcmple.o(.text) for __aeabi_cdrcmple
    printfa.o(i._fp_digits) refers to dadd.o(.text) for __aeabi_dadd
    printfa.o(i._fp_digits) refers to dfixul.o(.text) for __aeabi_d2ulz
    printfa.o(i._fp_digits) refers to uldiv.o(.text) for __aeabi_uldivmod
    printfa.o(i._printf_core) refers (Special) to iusefp.o(.text) for __I$use$fp
    printfa.o(i._printf_core) refers to printfa.o(i._printf_pre_padding) for _printf_pre_padding
    printfa.o(i._printf_core) refers to uldiv.o(.text) for __aeabi_uldivmod
    printfa.o(i._printf_core) refers to printfa.o(i._printf_post_padding) for _printf_post_padding
    printfa.o(i._printf_core) refers to printfa.o(i._fp_digits) for _fp_digits
    printfa.o(i._printf_core) refers to uidiv.o(.text) for __aeabi_uidivmod
    printfa.o(i._printf_post_padding) refers (Special) to iusefp.o(.text) for __I$use$fp
    printfa.o(i._printf_pre_padding) refers (Special) to iusefp.o(.text) for __I$use$fp
    printfa.o(i._snputc) refers (Special) to iusefp.o(.text) for __I$use$fp
    printfa.o(i._sputc) refers (Special) to iusefp.o(.text) for __I$use$fp
    entry2.o(.ARM.Collect$$$$00000001) refers to entry2.o(.ARM.Collect$$$$00002712) for __lit__00000000
    entry2.o(.ARM.Collect$$$$00002712) refers to startup_stm32f4xx.o(STACK) for __initial_sp
    entry2.o(__vectab_stack_and_reset_area) refers to startup_stm32f4xx.o(STACK) for __initial_sp
    entry2.o(__vectab_stack_and_reset_area) refers to entry.o(.ARM.Collect$$$$00000000) for __main
    entry5.o(.ARM.Collect$$$$00000004) refers to init.o(.text) for __scatterload
    entry9a.o(.ARM.Collect$$$$0000000B) refers to main.o(.text) for main
    entry9b.o(.ARM.Collect$$$$0000000C) refers to main.o(.text) for main
    uldiv.o(.text) refers to llushr.o(.text) for __aeabi_llsr
    uldiv.o(.text) refers to llshl.o(.text) for __aeabi_llsl
    dadd.o(.text) refers to llshl.o(.text) for __aeabi_llsl
    dadd.o(.text) refers to llsshr.o(.text) for __aeabi_lasr
    dadd.o(.text) refers to depilogue.o(.text) for _double_epilogue
    dmul.o(.text) refers to depilogue.o(.text) for _double_epilogue
    ddiv.o(.text) refers to depilogue.o(.text) for _double_round
    dfixul.o(.text) refers to llushr.o(.text) for __aeabi_llsr
    dfixul.o(.text) refers to llshl.o(.text) for __aeabi_llsl
    init.o(.text) refers to entry5.o(.ARM.Collect$$$$00000004) for __main_after_scatterload
    depilogue.o(.text) refers to llshl.o(.text) for __aeabi_llsl
    depilogue.o(.text) refers to llushr.o(.text) for __aeabi_llsr


==============================================================================

Removing Unused input sections from the image.

    Removing main.o(.emb_text), (8 bytes).
    Removing stm32f4xx_it.o(.emb_text), (8 bytes).
    Removing system_stm32f4xx.o(.emb_text), (8 bytes).
    Removing startup_stm32f4xx.o(HEAP), (16384 bytes).
    Removing misc.o(.emb_text), (8 bytes).
    Removing stm32f4xx_exti.o(.emb_text), (8 bytes).
    Removing stm32f4xx_exti.o(.text), (284 bytes).
    Removing stm32f4xx_fsmc.o(.emb_text), (8 bytes).
    Removing stm32f4xx_fsmc.o(.text), (1544 bytes).
    Removing stm32f4xx_gpio.o(.emb_text), (8 bytes).
    Removing stm32f4xx_rcc.o(.emb_text), (8 bytes).
    Removing stm32f4xx_rtc.o(.emb_text), (8 bytes).
    Removing stm32f4xx_rtc.o(.text), (3376 bytes).
    Removing stm32f4xx_syscfg.o(.emb_text), (8 bytes).
    Removing stm32f4xx_syscfg.o(.text), (140 bytes).
    Removing stm32f4xx_tim.o(.emb_text), (8 bytes).
    Removing stm32f4xx_usart.o(.emb_text), (8 bytes).
    Removing delay.o(.emb_text), (8 bytes).
    Removing sys.o(.emb_text), (24 bytes).
    Removing usart.o(.emb_text), (8 bytes).
    Removing croutine.o(.emb_text), (8 bytes).
    Removing event_groups.o(.emb_text), (8 bytes).
    Removing event_groups.o(.text), (1140 bytes).
    Removing list.o(.emb_text), (8 bytes).
    Removing queue.o(.emb_text), (8 bytes).
    Removing stream_buffer.o(.emb_text), (8 bytes).
    Removing stream_buffer.o(.text), (2304 bytes).
    Removing tasks.o(.emb_text), (8 bytes).
    Removing timers.o(.emb_text), (8 bytes).
    Removing heap_4.o(.emb_text), (8 bytes).
    Removing led.o(.emb_text), (8 bytes).
    Removing dm9000a.o(.emb_text), (8 bytes).
    Removing dm9000a.o(.text), (992 bytes).
    Removing dm9000a.o(.bss), (1600 bytes).
    Removing dm9000a.o(.constdata), (6 bytes).
    Removing dm9000a.o(.data), (20 bytes).
    Removing timer.o(.emb_text), (8 bytes).
    Removing dadd.o(.text), (334 bytes).
    Removing dmul.o(.text), (228 bytes).
    Removing ddiv.o(.text), (222 bytes).
    Removing dfixul.o(.text), (48 bytes).
    Removing cdrcmple.o(.text), (48 bytes).
    Removing depilogue.o(.text), (186 bytes).

43 unused section(s) (total 29080 bytes) removed from the image.

==============================================================================

Image Symbol Table

    Local Symbols

    Symbol Name                              Value     Ov Type        Size  Object(Section)

    ../clib/microlib/division.c              0x00000000   Number         0  uldiv.o ABSOLUTE
    ../clib/microlib/division.c              0x00000000   Number         0  uidiv.o ABSOLUTE
    ../clib/microlib/init/entry.s            0x00000000   Number         0  entry11b.o ABSOLUTE
    ../clib/microlib/init/entry.s            0x00000000   Number         0  entry9b.o ABSOLUTE
    ../clib/microlib/init/entry.s            0x00000000   Number         0  entry9a.o ABSOLUTE
    ../clib/microlib/init/entry.s            0x00000000   Number         0  entry7b.o ABSOLUTE
    ../clib/microlib/init/entry.s            0x00000000   Number         0  entry8a.o ABSOLUTE
    ../clib/microlib/init/entry.s            0x00000000   Number         0  entry2.o ABSOLUTE
    ../clib/microlib/init/entry.s            0x00000000   Number         0  entry11a.o ABSOLUTE
    ../clib/microlib/init/entry.s            0x00000000   Number         0  entry8b.o ABSOLUTE
    ../clib/microlib/init/entry.s            0x00000000   Number         0  entry5.o ABSOLUTE
    ../clib/microlib/init/entry.s            0x00000000   Number         0  entry10a.o ABSOLUTE
    ../clib/microlib/init/entry.s            0x00000000   Number         0  entry7a.o ABSOLUTE
    ../clib/microlib/init/entry.s            0x00000000   Number         0  entry.o ABSOLUTE
    ../clib/microlib/init/entry.s            0x00000000   Number         0  entry10b.o ABSOLUTE
    ../clib/microlib/longlong.c              0x00000000   Number         0  llshl.o ABSOLUTE
    ../clib/microlib/longlong.c              0x00000000   Number         0  llsshr.o ABSOLUTE
    ../clib/microlib/longlong.c              0x00000000   Number         0  llushr.o ABSOLUTE
    ../clib/microlib/printf/printf.c         0x00000000   Number         0  printf4.o ABSOLUTE
    ../clib/microlib/printf/printf.c         0x00000000   Number         0  printfa.o ABSOLUTE
    ../clib/microlib/printf/printf.c         0x00000000   Number         0  printf8.o ABSOLUTE
    ../clib/microlib/printf/printf.c         0x00000000   Number         0  printf1.o ABSOLUTE
    ../clib/microlib/printf/printf.c         0x00000000   Number         0  printf7.o ABSOLUTE
    ../clib/microlib/printf/printf.c         0x00000000   Number         0  printf6.o ABSOLUTE
    ../clib/microlib/printf/printf.c         0x00000000   Number         0  printf3.o ABSOLUTE
    ../clib/microlib/printf/printf.c         0x00000000   Number         0  printf2.o ABSOLUTE
    ../clib/microlib/printf/printf.c         0x00000000   Number         0  printfb.o ABSOLUTE
    ../clib/microlib/printf/printf.c         0x00000000   Number         0  printf0.o ABSOLUTE
    ../clib/microlib/printf/printf.c         0x00000000   Number         0  printf5.o ABSOLUTE
    ../clib/microlib/printf/stubs.s          0x00000000   Number         0  stubs.o ABSOLUTE
    ../clib/microlib/string/memcpy.c         0x00000000   Number         0  memcpya.o ABSOLUTE
    ../clib/microlib/string/memcpy.c         0x00000000   Number         0  memcpyb.o ABSOLUTE
    ../clib/microlib/string/memset.c         0x00000000   Number         0  memset.o ABSOLUTE
    ../clib/microlib/string/memset.c         0x00000000   Number         0  memseta.o ABSOLUTE
    ../clib/microlib/string/strcpy.c         0x00000000   Number         0  strcpy.o ABSOLUTE
    ../clib/microlib/string/strlen.c         0x00000000   Number         0  strlen.o ABSOLUTE
    ../clib/microlib/stubs.s                 0x00000000   Number         0  iusefp.o ABSOLUTE
    ../clib/microlib/stubs.s                 0x00000000   Number         0  useno.o ABSOLUTE
    ../fplib/microlib/fpadd.c                0x00000000   Number         0  dadd.o ABSOLUTE
    ../fplib/microlib/fpdiv.c                0x00000000   Number         0  ddiv.o ABSOLUTE
    ../fplib/microlib/fpepilogue.c           0x00000000   Number         0  depilogue.o ABSOLUTE
    ../fplib/microlib/fpfix.c                0x00000000   Number         0  dfixul.o ABSOLUTE
    ../fplib/microlib/fpmul.c                0x00000000   Number         0  dmul.o ABSOLUTE
    ..\FWLIB\Libraries\STM32F4xx_StdPeriph_Driver\src\misc.c 0x00000000   Number         0  misc.o ABSOLUTE
    ..\FWLIB\Libraries\STM32F4xx_StdPeriph_Driver\src\stm32f4xx_exti.c 0x00000000   Number         0  stm32f4xx_exti.o ABSOLUTE
    ..\FWLIB\Libraries\STM32F4xx_StdPeriph_Driver\src\stm32f4xx_fsmc.c 0x00000000   Number         0  stm32f4xx_fsmc.o ABSOLUTE
    ..\FWLIB\Libraries\STM32F4xx_StdPeriph_Driver\src\stm32f4xx_gpio.c 0x00000000   Number         0  stm32f4xx_gpio.o ABSOLUTE
    ..\FWLIB\Libraries\STM32F4xx_StdPeriph_Driver\src\stm32f4xx_rcc.c 0x00000000   Number         0  stm32f4xx_rcc.o ABSOLUTE
    ..\FWLIB\Libraries\STM32F4xx_StdPeriph_Driver\src\stm32f4xx_rtc.c 0x00000000   Number         0  stm32f4xx_rtc.o ABSOLUTE
    ..\FWLIB\Libraries\STM32F4xx_StdPeriph_Driver\src\stm32f4xx_syscfg.c 0x00000000   Number         0  stm32f4xx_syscfg.o ABSOLUTE
    ..\FWLIB\Libraries\STM32F4xx_StdPeriph_Driver\src\stm32f4xx_tim.c 0x00000000   Number         0  stm32f4xx_tim.o ABSOLUTE
    ..\FWLIB\Libraries\STM32F4xx_StdPeriph_Driver\src\stm32f4xx_usart.c 0x00000000   Number         0  stm32f4xx_usart.o ABSOLUTE
    ..\FreeRTOS\croutine.c                   0x00000000   Number         0  croutine.o ABSOLUTE
    ..\FreeRTOS\event_groups.c               0x00000000   Number         0  event_groups.o ABSOLUTE
    ..\FreeRTOS\list.c                       0x00000000   Number         0  list.o ABSOLUTE
    ..\FreeRTOS\portable\MemMang\heap_4.c    0x00000000   Number         0  heap_4.o ABSOLUTE
    ..\FreeRTOS\portable\RVDS\ARM_CM4F\port.c 0x00000000   Number         0  port.o ABSOLUTE
    ..\FreeRTOS\queue.c                      0x00000000   Number         0  queue.o ABSOLUTE
    ..\FreeRTOS\stream_buffer.c              0x00000000   Number         0  stream_buffer.o ABSOLUTE
    ..\FreeRTOS\tasks.c                      0x00000000   Number         0  tasks.o ABSOLUTE
    ..\FreeRTOS\timers.c                     0x00000000   Number         0  timers.o ABSOLUTE
    ..\SYSTEM\Exti.c                         0x00000000   Number         0  exti.o ABSOLUTE
    ..\SYSTEM\delay\delay.c                  0x00000000   Number         0  delay.o ABSOLUTE
    ..\SYSTEM\usart\usart.c                  0x00000000   Number         0  usart.o ABSOLUTE
    ..\TASK\task_arp.c                       0x00000000   Number         0  task_arp.o ABSOLUTE
    ..\\FWLIB\\Libraries\\STM32F4xx_StdPeriph_Driver\\src\\misc.c 0x00000000   Number         0  misc.o ABSOLUTE
    ..\\FWLIB\\Libraries\\STM32F4xx_StdPeriph_Driver\\src\\stm32f4xx_exti.c 0x00000000   Number         0  stm32f4xx_exti.o ABSOLUTE
    ..\\FWLIB\\Libraries\\STM32F4xx_StdPeriph_Driver\\src\\stm32f4xx_fsmc.c 0x00000000   Number         0  stm32f4xx_fsmc.o ABSOLUTE
    ..\\FWLIB\\Libraries\\STM32F4xx_StdPeriph_Driver\\src\\stm32f4xx_gpio.c 0x00000000   Number         0  stm32f4xx_gpio.o ABSOLUTE
    ..\\FWLIB\\Libraries\\STM32F4xx_StdPeriph_Driver\\src\\stm32f4xx_rcc.c 0x00000000   Number         0  stm32f4xx_rcc.o ABSOLUTE
    ..\\FWLIB\\Libraries\\STM32F4xx_StdPeriph_Driver\\src\\stm32f4xx_rtc.c 0x00000000   Number         0  stm32f4xx_rtc.o ABSOLUTE
    ..\\FWLIB\\Libraries\\STM32F4xx_StdPeriph_Driver\\src\\stm32f4xx_syscfg.c 0x00000000   Number         0  stm32f4xx_syscfg.o ABSOLUTE
    ..\\FWLIB\\Libraries\\STM32F4xx_StdPeriph_Driver\\src\\stm32f4xx_tim.c 0x00000000   Number         0  stm32f4xx_tim.o ABSOLUTE
    ..\\FWLIB\\Libraries\\STM32F4xx_StdPeriph_Driver\\src\\stm32f4xx_usart.c 0x00000000   Number         0  stm32f4xx_usart.o ABSOLUTE
    ..\\FreeRTOS\\croutine.c                 0x00000000   Number         0  croutine.o ABSOLUTE
    ..\\FreeRTOS\\event_groups.c             0x00000000   Number         0  event_groups.o ABSOLUTE
    ..\\FreeRTOS\\list.c                     0x00000000   Number         0  list.o ABSOLUTE
    ..\\FreeRTOS\\portable\\MemMang\\heap_4.c 0x00000000   Number         0  heap_4.o ABSOLUTE
    ..\\FreeRTOS\\portable\\RVDS\\ARM_CM4F\\port.c 0x00000000   Number         0  port.o ABSOLUTE
    ..\\FreeRTOS\\queue.c                    0x00000000   Number         0  queue.o ABSOLUTE
    ..\\FreeRTOS\\stream_buffer.c            0x00000000   Number         0  stream_buffer.o ABSOLUTE
    ..\\FreeRTOS\\tasks.c                    0x00000000   Number         0  tasks.o ABSOLUTE
    ..\\FreeRTOS\\timers.c                   0x00000000   Number         0  timers.o ABSOLUTE
    ..\\SYSTEM\\delay\\delay.c               0x00000000   Number         0  delay.o ABSOLUTE
    ..\\SYSTEM\\sys\\sys.c                   0x00000000   Number         0  sys.o ABSOLUTE
    ..\\SYSTEM\\usart\\usart.c               0x00000000   Number         0  usart.o ABSOLUTE
    ..\\hardware\\LED\\led.c                 0x00000000   Number         0  led.o ABSOLUTE
    ..\\hardware\\TIMER\\timer.c             0x00000000   Number         0  timer.o ABSOLUTE
    ..\\hardware\\dm9000a\\dm9000a.c         0x00000000   Number         0  dm9000a.o ABSOLUTE
    ..\hardware\LED\led.c                    0x00000000   Number         0  led.o ABSOLUTE
    ..\hardware\TIMER\timer.c                0x00000000   Number         0  timer.o ABSOLUTE
    ..\hardware\dm9000a\dm9000a.c            0x00000000   Number         0  dm9000a.o ABSOLUTE
    cdrcmple.s                               0x00000000   Number         0  cdrcmple.o ABSOLUTE
    dc.s                                     0x00000000   Number         0  dc.o ABSOLUTE
    handlers.s                               0x00000000   Number         0  handlers.o ABSOLUTE
    init.s                                   0x00000000   Number         0  init.o ABSOLUTE
    main.c                                   0x00000000   Number         0  main.o ABSOLUTE
    main.c                                   0x00000000   Number         0  main.o ABSOLUTE
    startup_stm32f4xx.s                      0x00000000   Number         0  startup_stm32f4xx.o ABSOLUTE
    stm32f4xx_it.c                           0x00000000   Number         0  stm32f4xx_it.o ABSOLUTE
    stm32f4xx_it.c                           0x00000000   Number         0  stm32f4xx_it.o ABSOLUTE
    system_stm32f4xx.c                       0x00000000   Number         0  system_stm32f4xx.o ABSOLUTE
    system_stm32f4xx.c                       0x00000000   Number         0  system_stm32f4xx.o ABSOLUTE
    RESET                                    0x08000000   Section      392  startup_stm32f4xx.o(RESET)
    .ARM.Collect$$$$00000000                 0x08000188   Section        0  entry.o(.ARM.Collect$$$$00000000)
    .ARM.Collect$$$$00000001                 0x08000188   Section        4  entry2.o(.ARM.Collect$$$$00000001)
    .ARM.Collect$$$$00000004                 0x0800018c   Section        4  entry5.o(.ARM.Collect$$$$00000004)
    .ARM.Collect$$$$00000008                 0x08000190   Section        0  entry7b.o(.ARM.Collect$$$$00000008)
    .ARM.Collect$$$$0000000A                 0x08000190   Section        0  entry8b.o(.ARM.Collect$$$$0000000A)
    .ARM.Collect$$$$0000000B                 0x08000190   Section        8  entry9a.o(.ARM.Collect$$$$0000000B)
    .ARM.Collect$$$$0000000D                 0x08000198   Section        0  entry10a.o(.ARM.Collect$$$$0000000D)
    .ARM.Collect$$$$0000000F                 0x08000198   Section        0  entry11a.o(.ARM.Collect$$$$0000000F)
    .ARM.Collect$$$$00002712                 0x08000198   Section        4  entry2.o(.ARM.Collect$$$$00002712)
    __lit__00000000                          0x08000198   Data           4  entry2.o(.ARM.Collect$$$$00002712)
    .emb_text                                0x0800019c   Section      198  port.o(.emb_text)
    $v0                                      0x0800019c   Number         0  port.o(.emb_text)
    .text                                    0x08000264   Section        0  main.o(.text)
    .text                                    0x080003d0   Section        0  stm32f4xx_it.o(.text)
    .text                                    0x080003e4   Section        0  system_stm32f4xx.o(.text)
    SetSysClock                              0x080003e5   Thumb Code   220  system_stm32f4xx.o(.text)
    .text                                    0x080005f4   Section       36  startup_stm32f4xx.o(.text)
    $v0                                      0x080005f4   Number         0  startup_stm32f4xx.o(.text)
    .text                                    0x08000618   Section        0  misc.o(.text)
    .text                                    0x080006f8   Section        0  stm32f4xx_gpio.o(.text)
    .text                                    0x08000954   Section        0  stm32f4xx_rcc.o(.text)
    .text                                    0x08000edc   Section        0  stm32f4xx_tim.o(.text)
    TI4_Config                               0x0800167b   Thumb Code    80  stm32f4xx_tim.o(.text)
    TI3_Config                               0x080016dd   Thumb Code    72  stm32f4xx_tim.o(.text)
    TI2_Config                               0x0800173f   Thumb Code    90  stm32f4xx_tim.o(.text)
    TI1_Config                               0x080017ab   Thumb Code    58  stm32f4xx_tim.o(.text)
    .text                                    0x08001b80   Section        0  stm32f4xx_usart.o(.text)
    .text                                    0x08001f9c   Section        0  delay.o(.text)
    .text                                    0x08002088   Section        0  usart.o(.text)
    .text                                    0x080021d0   Section        0  list.o(.text)
    .text                                    0x08002264   Section        0  queue.o(.text)
    prvInitialiseNewQueue                    0x080022f7   Thumb Code    42  queue.o(.text)
    prvUnlockQueue                           0x08002379   Thumb Code   126  queue.o(.text)
    prvIsQueueFull                           0x080023f7   Thumb Code    30  queue.o(.text)
    prvCopyDataToQueue                       0x08002415   Thumb Code   124  queue.o(.text)
    prvInitialiseMutex                       0x08002635   Thumb Code    28  queue.o(.text)
    prvGetDisinheritPriorityAfterTimeout     0x080026bf   Thumb Code    20  queue.o(.text)
    prvIsQueueEmpty                          0x080026d3   Thumb Code    26  queue.o(.text)
    prvCopyDataFromQueue                     0x08002b21   Thumb Code    42  queue.o(.text)
    .text                                    0x08003168   Section        0  tasks.o(.text)
    prvInitialiseTaskLists                   0x08003169   Thumb Code    70  tasks.o(.text)
    prvAddNewTaskToReadyList                 0x080031af   Thumb Code   156  tasks.o(.text)
    prvInitialiseNewTask                     0x0800324b   Thumb Code   182  tasks.o(.text)
    prvResetNextTaskUnblockTime              0x08003361   Thumb Code    42  tasks.o(.text)
    prvDeleteTCB                             0x0800338b   Thumb Code    18  tasks.o(.text)
    prvAddCurrentTaskToDelayedList           0x080036af   Thumb Code   124  tasks.o(.text)
    prvTaskIsTaskSuspended                   0x08003bdd   Thumb Code    80  tasks.o(.text)
    prvCheckTasksWaitingTermination          0x08003d4b   Thumb Code    60  tasks.o(.text)
    prvIdleTask                              0x08003d87   Thumb Code    32  tasks.o(.text)
    prvTaskCheckFreeStackSpace               0x08003edb   Thumb Code    22  tasks.o(.text)
    prvListTasksWithinSingleList             0x08003f6f   Thumb Code   106  tasks.o(.text)
    prvWriteNameToBuffer                     0x080045ef   Thumb Code    42  tasks.o(.text)
    .text                                    0x08004c74   Section        0  timers.o(.text)
    prvInsertTimerInActiveList               0x08004c75   Thumb Code    80  timers.o(.text)
    prvSwitchTimerLists                      0x08004d43   Thumb Code   150  timers.o(.text)
    prvSampleTimeNow                         0x08004dd9   Thumb Code    40  timers.o(.text)
    prvProcessReceivedCommands               0x08004e01   Thumb Code   240  timers.o(.text)
    prvProcessExpiredTimer                   0x08004ef1   Thumb Code    94  timers.o(.text)
    prvProcessTimerOrBlockTask               0x08004f4f   Thumb Code   102  timers.o(.text)
    prvGetNextExpireTime                     0x08004fb5   Thumb Code    36  timers.o(.text)
    prvTimerTask                             0x08004fd9   Thumb Code    26  timers.o(.text)
    prvCheckForValidListAndQueue             0x08004ff3   Thumb Code    72  timers.o(.text)
    prvInitialiseNewTimer                    0x080050b1   Thumb Code    78  timers.o(.text)
    .text                                    0x08005258   Section        0  port.o(.text)
    prvTaskExitError                         0x08005259   Thumb Code    60  port.o(.text)
    .text                                    0x080055c4   Section        0  heap_4.o(.text)
    prvInsertBlockIntoFreeList               0x080055c5   Thumb Code    96  heap_4.o(.text)
    prvHeapInit                              0x08005625   Thumb Code    98  heap_4.o(.text)
    .text                                    0x08005860   Section        0  led.o(.text)
    .text                                    0x08005898   Section        0  timer.o(.text)
    .text                                    0x08005938   Section        0  memcpya.o(.text)
    .text                                    0x0800595c   Section        0  memseta.o(.text)
    .text                                    0x08005980   Section        0  strlen.o(.text)
    .text                                    0x0800598e   Section        0  strcpy.o(.text)
    .text                                    0x080059a0   Section        0  uidiv.o(.text)
    .text                                    0x080059cc   Section       36  init.o(.text)
    i.__0printf$3                            0x080059f0   Section        0  printf3.o(i.__0printf$3)
    i.__0sprintf$3                           0x08005a10   Section        0  printf3.o(i.__0sprintf$3)
    i.__scatterload_copy                     0x08005a38   Section       14  handlers.o(i.__scatterload_copy)
    i.__scatterload_null                     0x08005a46   Section        2  handlers.o(i.__scatterload_null)
    i.__scatterload_zeroinit                 0x08005a48   Section       14  handlers.o(i.__scatterload_zeroinit)
    i._printf_core                           0x08005a58   Section        0  printf3.o(i._printf_core)
    _printf_core                             0x08005a59   Thumb Code   436  printf3.o(i._printf_core)
    i._sputc                                 0x08005c10   Section        0  printf3.o(i._sputc)
    _sputc                                   0x08005c11   Thumb Code    10  printf3.o(i._sputc)
    .data                                    0x20000000   Section       20  main.o(.data)
    .data                                    0x20000014   Section       20  system_stm32f4xx.o(.data)
    .data                                    0x20000028   Section       16  stm32f4xx_rcc.o(.data)
    APBAHBPrescTable                         0x20000028   Data          16  stm32f4xx_rcc.o(.data)
    .data                                    0x20000038   Section        4  delay.o(.data)
    fac_us                                   0x20000038   Data           1  delay.o(.data)
    fac_ms                                   0x2000003a   Data           2  delay.o(.data)
    .data                                    0x2000003c   Section        6  usart.o(.data)
    .data                                    0x20000044   Section       68  tasks.o(.data)
    pxDelayedTaskList                        0x20000048   Data           4  tasks.o(.data)
    pxOverflowDelayedTaskList                0x2000004c   Data           4  tasks.o(.data)
    uxDeletedTasksWaitingCleanUp             0x20000050   Data           4  tasks.o(.data)
    uxCurrentNumberOfTasks                   0x20000054   Data           4  tasks.o(.data)
    xTickCount                               0x20000058   Data           4  tasks.o(.data)
    uxTopReadyPriority                       0x2000005c   Data           4  tasks.o(.data)
    xSchedulerRunning                        0x20000060   Data           4  tasks.o(.data)
    uxPendedTicks                            0x20000064   Data           4  tasks.o(.data)
    xYieldPending                            0x20000068   Data           4  tasks.o(.data)
    xNumOfOverflows                          0x2000006c   Data           4  tasks.o(.data)
    uxTaskNumber                             0x20000070   Data           4  tasks.o(.data)
    xNextTaskUnblockTime                     0x20000074   Data           4  tasks.o(.data)
    xIdleTaskHandle                          0x20000078   Data           4  tasks.o(.data)
    uxSchedulerSuspended                     0x2000007c   Data           4  tasks.o(.data)
    ulTaskSwitchedInTime                     0x20000080   Data           4  tasks.o(.data)
    ulTotalRunTime                           0x20000084   Data           4  tasks.o(.data)
    .data                                    0x20000088   Section       20  timers.o(.data)
    pxCurrentTimerList                       0x20000088   Data           4  timers.o(.data)
    pxOverflowTimerList                      0x2000008c   Data           4  timers.o(.data)
    xTimerQueue                              0x20000090   Data           4  timers.o(.data)
    xTimerTaskHandle                         0x20000094   Data           4  timers.o(.data)
    xLastTime                                0x20000098   Data           4  timers.o(.data)
    .data                                    0x2000009c   Section       12  port.o(.data)
    uxCriticalNesting                        0x2000009c   Data           4  port.o(.data)
    ucMaxSysCallPriority                     0x200000a0   Data           1  port.o(.data)
    ulMaxPRIGROUPValue                       0x200000a4   Data           4  port.o(.data)
    .data                                    0x200000a8   Section       24  heap_4.o(.data)
    xStart                                   0x200000a8   Data           8  heap_4.o(.data)
    pxEnd                                    0x200000b0   Data           4  heap_4.o(.data)
    xFreeBytesRemaining                      0x200000b4   Data           4  heap_4.o(.data)
    xMinimumEverFreeBytesRemaining           0x200000b8   Data           4  heap_4.o(.data)
    xBlockAllocatedBit                       0x200000bc   Data           4  heap_4.o(.data)
    .data                                    0x200000c0   Section        8  timer.o(.data)
    .bss                                     0x200000c8   Section      200  usart.o(.bss)
    .bss                                     0x20000190   Section       64  queue.o(.bss)
    .bss                                     0x200001d0   Section      200  tasks.o(.bss)
    pxReadyTasksLists                        0x200001d0   Data         100  tasks.o(.bss)
    xDelayedTaskList1                        0x20000234   Data          20  tasks.o(.bss)
    xDelayedTaskList2                        0x20000248   Data          20  tasks.o(.bss)
    xPendingReadyList                        0x2000025c   Data          20  tasks.o(.bss)
    xTasksWaitingTermination                 0x20000270   Data          20  tasks.o(.bss)
    xSuspendedTaskList                       0x20000284   Data          20  tasks.o(.bss)
    .bss                                     0x20000298   Section       40  timers.o(.bss)
    xActiveTimerList1                        0x20000298   Data          20  timers.o(.bss)
    xActiveTimerList2                        0x200002ac   Data          20  timers.o(.bss)
    .bss                                     0x200002c0   Section    76800  heap_4.o(.bss)
    ucHeap                                   0x200002c0   Data       76800  heap_4.o(.bss)
    STACK                                    0x20012ec0   Section     8192  startup_stm32f4xx.o(STACK)

    Global Symbols

    Symbol Name                              Value     Ov Type        Size  Object(Section)

    BuildAttributes$$THM_ISAv4$E$P$D$K$B$S$7EM$VFPi3$EXTD16$VFPS$VFMA$PE$A:L22UL41UL21$X:L11$S22US41US21$IEEE1$IW$USESV6$~STKCKD$USESV7$~SHL$OSPACE$ROPI$EBA8$MICROLIB$REQ8$PRES8$EABIv2 0x00000000   Number         0  anon$$obj.o ABSOLUTE
    __ARM_use_no_argv                        0x00000000   Number         0  main.o ABSOLUTE
    __use_no_errno                           0x00000000   Number         0  useno.o ABSOLUTE
    __use_no_exception_handling              0x00000000   Number         0  useno.o ABSOLUTE
    __use_no_fp                              0x00000000   Number         0  useno.o ABSOLUTE
    __use_no_heap                            0x00000000   Number         0  useno.o ABSOLUTE
    __use_no_heap_region                     0x00000000   Number         0  useno.o ABSOLUTE
    __use_no_semihosting                     0x00000000   Number         0  useno.o ABSOLUTE
    __use_no_semihosting_swi                 0x00000000   Number         0  useno.o ABSOLUTE
    __use_no_signal_handling                 0x00000000   Number         0  useno.o ABSOLUTE
    _printf_a                                0x00000000   Number         0  stubs.o ABSOLUTE
    _printf_c                                0x00000000   Number         0  stubs.o ABSOLUTE
    _printf_charcount                        0x00000000   Number         0  stubs.o ABSOLUTE
    _printf_d                                0x00000000   Number         0  stubs.o ABSOLUTE
    _printf_e                                0x00000000   Number         0  stubs.o ABSOLUTE
    _printf_f                                0x00000000   Number         0  stubs.o ABSOLUTE
    _printf_flags                            0x00000000   Number         0  stubs.o ABSOLUTE
    _printf_fp_dec                           0x00000000   Number         0  stubs.o ABSOLUTE
    _printf_fp_hex                           0x00000000   Number         0  stubs.o ABSOLUTE
    _printf_g                                0x00000000   Number         0  stubs.o ABSOLUTE
    _printf_i                                0x00000000   Number         0  stubs.o ABSOLUTE
    _printf_int_dec                          0x00000000   Number         0  stubs.o ABSOLUTE
    _printf_l                                0x00000000   Number         0  stubs.o ABSOLUTE
    _printf_lc                               0x00000000   Number         0  stubs.o ABSOLUTE
    _printf_ll                               0x00000000   Number         0  stubs.o ABSOLUTE
    _printf_lld                              0x00000000   Number         0  stubs.o ABSOLUTE
    _printf_lli                              0x00000000   Number         0  stubs.o ABSOLUTE
    _printf_llo                              0x00000000   Number         0  stubs.o ABSOLUTE
    _printf_llu                              0x00000000   Number         0  stubs.o ABSOLUTE
    _printf_llx                              0x00000000   Number         0  stubs.o ABSOLUTE
    _printf_longlong_dec                     0x00000000   Number         0  stubs.o ABSOLUTE
    _printf_longlong_hex                     0x00000000   Number         0  stubs.o ABSOLUTE
    _printf_longlong_oct                     0x00000000   Number         0  stubs.o ABSOLUTE
    _printf_ls                               0x00000000   Number         0  stubs.o ABSOLUTE
    _printf_mbtowc                           0x00000000   Number         0  stubs.o ABSOLUTE
    _printf_n                                0x00000000   Number         0  stubs.o ABSOLUTE
    _printf_o                                0x00000000   Number         0  stubs.o ABSOLUTE
    _printf_p                                0x00000000   Number         0  stubs.o ABSOLUTE
    _printf_percent                          0x00000000   Number         0  stubs.o ABSOLUTE
    _printf_pre_padding                      0x00000000   Number         0  stubs.o ABSOLUTE
    _printf_return_value                     0x00000000   Number         0  stubs.o ABSOLUTE
    _printf_s                                0x00000000   Number         0  stubs.o ABSOLUTE
    _printf_sizespec                         0x00000000   Number         0  stubs.o ABSOLUTE
    _printf_str                              0x00000000   Number         0  stubs.o ABSOLUTE
    _printf_truncate_signed                  0x00000000   Number         0  stubs.o ABSOLUTE
    _printf_truncate_unsigned                0x00000000   Number         0  stubs.o ABSOLUTE
    _printf_u                                0x00000000   Number         0  stubs.o ABSOLUTE
    _printf_wc                               0x00000000   Number         0  stubs.o ABSOLUTE
    _printf_wctomb                           0x00000000   Number         0  stubs.o ABSOLUTE
    _printf_widthprec                        0x00000000   Number         0  stubs.o ABSOLUTE
    _printf_x                                0x00000000   Number         0  stubs.o ABSOLUTE
    __cpp_initialize__aeabi_                  - Undefined Weak Reference
    __cxa_finalize                            - Undefined Weak Reference
    __decompress                              - Undefined Weak Reference
    _clock_init                               - Undefined Weak Reference
    _microlib_exit                            - Undefined Weak Reference
    __Vectors_Size                           0x00000188   Number         0  startup_stm32f4xx.o ABSOLUTE
    __Vectors                                0x08000000   Data           4  startup_stm32f4xx.o(RESET)
    __Vectors_End                            0x08000188   Data           0  startup_stm32f4xx.o(RESET)
    __main                                   0x08000189   Thumb Code     0  entry.o(.ARM.Collect$$$$00000000)
    _main_stk                                0x08000189   Thumb Code     0  entry2.o(.ARM.Collect$$$$00000001)
    _main_scatterload                        0x0800018d   Thumb Code     0  entry5.o(.ARM.Collect$$$$00000004)
    __main_after_scatterload                 0x08000191   Thumb Code     0  entry5.o(.ARM.Collect$$$$00000004)
    _main_clock                              0x08000191   Thumb Code     0  entry7b.o(.ARM.Collect$$$$00000008)
    _main_cpp_init                           0x08000191   Thumb Code     0  entry8b.o(.ARM.Collect$$$$0000000A)
    _main_init                               0x08000191   Thumb Code     0  entry9a.o(.ARM.Collect$$$$0000000B)
    __rt_final_cpp                           0x08000199   Thumb Code     0  entry10a.o(.ARM.Collect$$$$0000000D)
    __rt_final_exit                          0x08000199   Thumb Code     0  entry11a.o(.ARM.Collect$$$$0000000F)
    __asm___6_port_c_39a90d8d____REV16       0x0800019d   Thumb Code     4  port.o(.emb_text)
    __asm___6_port_c_39a90d8d____REVSH       0x080001a1   Thumb Code     4  port.o(.emb_text)
    SVC_Handler                              0x080001a5   Thumb Code    28  port.o(.emb_text)
    __asm___6_port_c_39a90d8d__prvStartFirstTask 0x080001c5   Thumb Code    36  port.o(.emb_text)
    __asm___6_port_c_39a90d8d__prvEnableVFP  0x080001ed   Thumb Code    16  port.o(.emb_text)
    PendSV_Handler                           0x08000201   Thumb Code    88  port.o(.emb_text)
    vPortGetIPSR                             0x0800025d   Thumb Code     6  port.o(.emb_text)
    runstate_task                            0x08000265   Thumb Code    36  main.o(.text)
    led1_task                                0x08000289   Thumb Code    50  main.o(.text)
    led0_task                                0x080002bb   Thumb Code    24  main.o(.text)
    start_task                               0x080002d3   Thumb Code   102  main.o(.text)
    main                                     0x08000339   Thumb Code    58  main.o(.text)
    NMI_Handler                              0x080003d1   Thumb Code     2  stm32f4xx_it.o(.text)
    HardFault_Handler                        0x080003d3   Thumb Code     4  stm32f4xx_it.o(.text)
    MemManage_Handler                        0x080003d7   Thumb Code     4  stm32f4xx_it.o(.text)
    BusFault_Handler                         0x080003db   Thumb Code     4  stm32f4xx_it.o(.text)
    UsageFault_Handler                       0x080003df   Thumb Code     4  stm32f4xx_it.o(.text)
    DebugMon_Handler                         0x080003e3   Thumb Code     2  stm32f4xx_it.o(.text)
    SystemInit                               0x080004c1   Thumb Code    88  system_stm32f4xx.o(.text)
    SystemCoreClockUpdate                    0x08000519   Thumb Code   174  system_stm32f4xx.o(.text)
    Reset_Handler                            0x080005f5   Thumb Code     8  startup_stm32f4xx.o(.text)
    ADC_IRQHandler                           0x0800060f   Thumb Code     0  startup_stm32f4xx.o(.text)
    CAN1_RX0_IRQHandler                      0x0800060f   Thumb Code     0  startup_stm32f4xx.o(.text)
    CAN1_RX1_IRQHandler                      0x0800060f   Thumb Code     0  startup_stm32f4xx.o(.text)
    CAN1_SCE_IRQHandler                      0x0800060f   Thumb Code     0  startup_stm32f4xx.o(.text)
    CAN1_TX_IRQHandler                       0x0800060f   Thumb Code     0  startup_stm32f4xx.o(.text)
    CAN2_RX0_IRQHandler                      0x0800060f   Thumb Code     0  startup_stm32f4xx.o(.text)
    CAN2_RX1_IRQHandler                      0x0800060f   Thumb Code     0  startup_stm32f4xx.o(.text)
    CAN2_SCE_IRQHandler                      0x0800060f   Thumb Code     0  startup_stm32f4xx.o(.text)
    CAN2_TX_IRQHandler                       0x0800060f   Thumb Code     0  startup_stm32f4xx.o(.text)
    CRYP_IRQHandler                          0x0800060f   Thumb Code     0  startup_stm32f4xx.o(.text)
    DCMI_IRQHandler                          0x0800060f   Thumb Code     0  startup_stm32f4xx.o(.text)
    DMA1_Stream0_IRQHandler                  0x0800060f   Thumb Code     0  startup_stm32f4xx.o(.text)
    DMA1_Stream1_IRQHandler                  0x0800060f   Thumb Code     0  startup_stm32f4xx.o(.text)
    DMA1_Stream2_IRQHandler                  0x0800060f   Thumb Code     0  startup_stm32f4xx.o(.text)
    DMA1_Stream3_IRQHandler                  0x0800060f   Thumb Code     0  startup_stm32f4xx.o(.text)
    DMA1_Stream4_IRQHandler                  0x0800060f   Thumb Code     0  startup_stm32f4xx.o(.text)
    DMA1_Stream5_IRQHandler                  0x0800060f   Thumb Code     0  startup_stm32f4xx.o(.text)
    DMA1_Stream6_IRQHandler                  0x0800060f   Thumb Code     0  startup_stm32f4xx.o(.text)
    DMA1_Stream7_IRQHandler                  0x0800060f   Thumb Code     0  startup_stm32f4xx.o(.text)
    DMA2_Stream0_IRQHandler                  0x0800060f   Thumb Code     0  startup_stm32f4xx.o(.text)
    DMA2_Stream1_IRQHandler                  0x0800060f   Thumb Code     0  startup_stm32f4xx.o(.text)
    DMA2_Stream2_IRQHandler                  0x0800060f   Thumb Code     0  startup_stm32f4xx.o(.text)
    DMA2_Stream3_IRQHandler                  0x0800060f   Thumb Code     0  startup_stm32f4xx.o(.text)
    DMA2_Stream4_IRQHandler                  0x0800060f   Thumb Code     0  startup_stm32f4xx.o(.text)
    DMA2_Stream5_IRQHandler                  0x0800060f   Thumb Code     0  startup_stm32f4xx.o(.text)
    DMA2_Stream6_IRQHandler                  0x0800060f   Thumb Code     0  startup_stm32f4xx.o(.text)
    DMA2_Stream7_IRQHandler                  0x0800060f   Thumb Code     0  startup_stm32f4xx.o(.text)
    ETH_IRQHandler                           0x0800060f   Thumb Code     0  startup_stm32f4xx.o(.text)
    ETH_WKUP_IRQHandler                      0x0800060f   Thumb Code     0  startup_stm32f4xx.o(.text)
    EXTI0_IRQHandler                         0x0800060f   Thumb Code     0  startup_stm32f4xx.o(.text)
    EXTI15_10_IRQHandler                     0x0800060f   Thumb Code     0  startup_stm32f4xx.o(.text)
    EXTI1_IRQHandler                         0x0800060f   Thumb Code     0  startup_stm32f4xx.o(.text)
    EXTI2_IRQHandler                         0x0800060f   Thumb Code     0  startup_stm32f4xx.o(.text)
    EXTI3_IRQHandler                         0x0800060f   Thumb Code     0  startup_stm32f4xx.o(.text)
    EXTI4_IRQHandler                         0x0800060f   Thumb Code     0  startup_stm32f4xx.o(.text)
    EXTI9_5_IRQHandler                       0x0800060f   Thumb Code     0  startup_stm32f4xx.o(.text)
    FLASH_IRQHandler                         0x0800060f   Thumb Code     0  startup_stm32f4xx.o(.text)
    FPU_IRQHandler                           0x0800060f   Thumb Code     0  startup_stm32f4xx.o(.text)
    FSMC_IRQHandler                          0x0800060f   Thumb Code     0  startup_stm32f4xx.o(.text)
    HASH_RNG_IRQHandler                      0x0800060f   Thumb Code     0  startup_stm32f4xx.o(.text)
    I2C1_ER_IRQHandler                       0x0800060f   Thumb Code     0  startup_stm32f4xx.o(.text)
    I2C1_EV_IRQHandler                       0x0800060f   Thumb Code     0  startup_stm32f4xx.o(.text)
    I2C2_ER_IRQHandler                       0x0800060f   Thumb Code     0  startup_stm32f4xx.o(.text)
    I2C2_EV_IRQHandler                       0x0800060f   Thumb Code     0  startup_stm32f4xx.o(.text)
    I2C3_ER_IRQHandler                       0x0800060f   Thumb Code     0  startup_stm32f4xx.o(.text)
    I2C3_EV_IRQHandler                       0x0800060f   Thumb Code     0  startup_stm32f4xx.o(.text)
    OTG_FS_IRQHandler                        0x0800060f   Thumb Code     0  startup_stm32f4xx.o(.text)
    OTG_FS_WKUP_IRQHandler                   0x0800060f   Thumb Code     0  startup_stm32f4xx.o(.text)
    OTG_HS_EP1_IN_IRQHandler                 0x0800060f   Thumb Code     0  startup_stm32f4xx.o(.text)
    OTG_HS_EP1_OUT_IRQHandler                0x0800060f   Thumb Code     0  startup_stm32f4xx.o(.text)
    OTG_HS_IRQHandler                        0x0800060f   Thumb Code     0  startup_stm32f4xx.o(.text)
    OTG_HS_WKUP_IRQHandler                   0x0800060f   Thumb Code     0  startup_stm32f4xx.o(.text)
    PVD_IRQHandler                           0x0800060f   Thumb Code     0  startup_stm32f4xx.o(.text)
    RCC_IRQHandler                           0x0800060f   Thumb Code     0  startup_stm32f4xx.o(.text)
    RTC_Alarm_IRQHandler                     0x0800060f   Thumb Code     0  startup_stm32f4xx.o(.text)
    RTC_WKUP_IRQHandler                      0x0800060f   Thumb Code     0  startup_stm32f4xx.o(.text)
    SDIO_IRQHandler                          0x0800060f   Thumb Code     0  startup_stm32f4xx.o(.text)
    SPI1_IRQHandler                          0x0800060f   Thumb Code     0  startup_stm32f4xx.o(.text)
    SPI2_IRQHandler                          0x0800060f   Thumb Code     0  startup_stm32f4xx.o(.text)
    SPI3_IRQHandler                          0x0800060f   Thumb Code     0  startup_stm32f4xx.o(.text)
    TAMP_STAMP_IRQHandler                    0x0800060f   Thumb Code     0  startup_stm32f4xx.o(.text)
    TIM1_BRK_TIM9_IRQHandler                 0x0800060f   Thumb Code     0  startup_stm32f4xx.o(.text)
    TIM1_CC_IRQHandler                       0x0800060f   Thumb Code     0  startup_stm32f4xx.o(.text)
    TIM1_TRG_COM_TIM11_IRQHandler            0x0800060f   Thumb Code     0  startup_stm32f4xx.o(.text)
    TIM1_UP_TIM10_IRQHandler                 0x0800060f   Thumb Code     0  startup_stm32f4xx.o(.text)
    TIM2_IRQHandler                          0x0800060f   Thumb Code     0  startup_stm32f4xx.o(.text)
    TIM4_IRQHandler                          0x0800060f   Thumb Code     0  startup_stm32f4xx.o(.text)
    TIM5_IRQHandler                          0x0800060f   Thumb Code     0  startup_stm32f4xx.o(.text)
    TIM6_DAC_IRQHandler                      0x0800060f   Thumb Code     0  startup_stm32f4xx.o(.text)
    TIM7_IRQHandler                          0x0800060f   Thumb Code     0  startup_stm32f4xx.o(.text)
    TIM8_BRK_TIM12_IRQHandler                0x0800060f   Thumb Code     0  startup_stm32f4xx.o(.text)
    TIM8_CC_IRQHandler                       0x0800060f   Thumb Code     0  startup_stm32f4xx.o(.text)
    TIM8_TRG_COM_TIM14_IRQHandler            0x0800060f   Thumb Code     0  startup_stm32f4xx.o(.text)
    TIM8_UP_TIM13_IRQHandler                 0x0800060f   Thumb Code     0  startup_stm32f4xx.o(.text)
    UART4_IRQHandler                         0x0800060f   Thumb Code     0  startup_stm32f4xx.o(.text)
    UART5_IRQHandler                         0x0800060f   Thumb Code     0  startup_stm32f4xx.o(.text)
    USART2_IRQHandler                        0x0800060f   Thumb Code     0  startup_stm32f4xx.o(.text)
    USART3_IRQHandler                        0x0800060f   Thumb Code     0  startup_stm32f4xx.o(.text)
    USART6_IRQHandler                        0x0800060f   Thumb Code     0  startup_stm32f4xx.o(.text)
    WWDG_IRQHandler                          0x0800060f   Thumb Code     0  startup_stm32f4xx.o(.text)
    NVIC_PriorityGroupConfig                 0x08000619   Thumb Code    10  misc.o(.text)
    NVIC_Init                                0x08000623   Thumb Code   106  misc.o(.text)
    NVIC_SetVectorTable                      0x0800068d   Thumb Code    14  misc.o(.text)
    NVIC_SystemLPConfig                      0x0800069b   Thumb Code    34  misc.o(.text)
    SysTick_CLKSourceConfig                  0x080006bd   Thumb Code    40  misc.o(.text)
    GPIO_DeInit                              0x080006f9   Thumb Code   220  stm32f4xx_gpio.o(.text)
    GPIO_Init                                0x080007d5   Thumb Code   144  stm32f4xx_gpio.o(.text)
    GPIO_StructInit                          0x08000865   Thumb Code    18  stm32f4xx_gpio.o(.text)
    GPIO_PinLockConfig                       0x08000877   Thumb Code    34  stm32f4xx_gpio.o(.text)
    GPIO_ReadInputDataBit                    0x08000899   Thumb Code    18  stm32f4xx_gpio.o(.text)
    GPIO_ReadInputData                       0x080008ab   Thumb Code     8  stm32f4xx_gpio.o(.text)
    GPIO_ReadOutputDataBit                   0x080008b3   Thumb Code    18  stm32f4xx_gpio.o(.text)
    GPIO_ReadOutputData                      0x080008c5   Thumb Code     8  stm32f4xx_gpio.o(.text)
    GPIO_SetBits                             0x080008cd   Thumb Code     4  stm32f4xx_gpio.o(.text)
    GPIO_ResetBits                           0x080008d1   Thumb Code     4  stm32f4xx_gpio.o(.text)
    GPIO_WriteBit                            0x080008d5   Thumb Code    10  stm32f4xx_gpio.o(.text)
    GPIO_Write                               0x080008df   Thumb Code     4  stm32f4xx_gpio.o(.text)
    GPIO_ToggleBits                          0x080008e3   Thumb Code     8  stm32f4xx_gpio.o(.text)
    GPIO_PinAFConfig                         0x080008eb   Thumb Code    70  stm32f4xx_gpio.o(.text)
    RCC_DeInit                               0x08000955   Thumb Code    60  stm32f4xx_rcc.o(.text)
    RCC_HSEConfig                            0x08000991   Thumb Code    14  stm32f4xx_rcc.o(.text)
    RCC_GetFlagStatus                        0x0800099f   Thumb Code    60  stm32f4xx_rcc.o(.text)
    RCC_WaitForHSEStartUp                    0x080009db   Thumb Code    56  stm32f4xx_rcc.o(.text)
    RCC_AdjustHSICalibrationValue            0x08000a13   Thumb Code    20  stm32f4xx_rcc.o(.text)
    RCC_HSICmd                               0x08000a27   Thumb Code     6  stm32f4xx_rcc.o(.text)
    RCC_LSEConfig                            0x08000a2d   Thumb Code    46  stm32f4xx_rcc.o(.text)
    RCC_LSICmd                               0x08000a5b   Thumb Code     6  stm32f4xx_rcc.o(.text)
    RCC_PLLConfig                            0x08000a61   Thumb Code    32  stm32f4xx_rcc.o(.text)
    RCC_PLLCmd                               0x08000a81   Thumb Code     6  stm32f4xx_rcc.o(.text)
    RCC_PLLI2SConfig                         0x08000a87   Thumb Code    14  stm32f4xx_rcc.o(.text)
    RCC_PLLI2SCmd                            0x08000a95   Thumb Code     6  stm32f4xx_rcc.o(.text)
    RCC_ClockSecuritySystemCmd               0x08000a9b   Thumb Code     6  stm32f4xx_rcc.o(.text)
    RCC_MCO1Config                           0x08000aa1   Thumb Code    28  stm32f4xx_rcc.o(.text)
    RCC_MCO2Config                           0x08000abd   Thumb Code    28  stm32f4xx_rcc.o(.text)
    RCC_SYSCLKConfig                         0x08000ad9   Thumb Code    20  stm32f4xx_rcc.o(.text)
    RCC_GetSYSCLKSource                      0x08000aed   Thumb Code    12  stm32f4xx_rcc.o(.text)
    RCC_HCLKConfig                           0x08000af9   Thumb Code    20  stm32f4xx_rcc.o(.text)
    RCC_PCLK1Config                          0x08000b0d   Thumb Code    20  stm32f4xx_rcc.o(.text)
    RCC_PCLK2Config                          0x08000b21   Thumb Code    22  stm32f4xx_rcc.o(.text)
    RCC_GetClocksFreq                        0x08000b37   Thumb Code   222  stm32f4xx_rcc.o(.text)
    RCC_RTCCLKConfig                         0x08000c15   Thumb Code    54  stm32f4xx_rcc.o(.text)
    RCC_RTCCLKCmd                            0x08000c4b   Thumb Code     8  stm32f4xx_rcc.o(.text)
    RCC_BackupResetCmd                       0x08000c53   Thumb Code     8  stm32f4xx_rcc.o(.text)
    RCC_I2SCLKConfig                         0x08000c5b   Thumb Code     6  stm32f4xx_rcc.o(.text)
    RCC_AHB1PeriphClockCmd                   0x08000c61   Thumb Code    34  stm32f4xx_rcc.o(.text)
    RCC_AHB2PeriphClockCmd                   0x08000c83   Thumb Code    34  stm32f4xx_rcc.o(.text)
    RCC_AHB3PeriphClockCmd                   0x08000ca5   Thumb Code    34  stm32f4xx_rcc.o(.text)
    RCC_APB1PeriphClockCmd                   0x08000cc7   Thumb Code    34  stm32f4xx_rcc.o(.text)
    RCC_APB2PeriphClockCmd                   0x08000ce9   Thumb Code    34  stm32f4xx_rcc.o(.text)
    RCC_AHB1PeriphResetCmd                   0x08000d0b   Thumb Code    34  stm32f4xx_rcc.o(.text)
    RCC_AHB2PeriphResetCmd                   0x08000d2d   Thumb Code    72  stm32f4xx_rcc.o(.text)
    RCC_AHB3PeriphResetCmd                   0x08000d75   Thumb Code    34  stm32f4xx_rcc.o(.text)
    RCC_APB1PeriphResetCmd                   0x08000d97   Thumb Code    34  stm32f4xx_rcc.o(.text)
    RCC_APB2PeriphResetCmd                   0x08000db9   Thumb Code    34  stm32f4xx_rcc.o(.text)
    RCC_AHB1PeriphClockLPModeCmd             0x08000ddb   Thumb Code    34  stm32f4xx_rcc.o(.text)
    RCC_AHB2PeriphClockLPModeCmd             0x08000dfd   Thumb Code    34  stm32f4xx_rcc.o(.text)
    RCC_AHB3PeriphClockLPModeCmd             0x08000e1f   Thumb Code    34  stm32f4xx_rcc.o(.text)
    RCC_APB1PeriphClockLPModeCmd             0x08000e41   Thumb Code    34  stm32f4xx_rcc.o(.text)
    RCC_APB2PeriphClockLPModeCmd             0x08000e63   Thumb Code    34  stm32f4xx_rcc.o(.text)
    RCC_ITConfig                             0x08000e85   Thumb Code    34  stm32f4xx_rcc.o(.text)
    RCC_ClearFlag                            0x08000ea7   Thumb Code    18  stm32f4xx_rcc.o(.text)
    RCC_GetITStatus                          0x08000eb9   Thumb Code    22  stm32f4xx_rcc.o(.text)
    RCC_ClearITPendingBit                    0x08000ecf   Thumb Code     8  stm32f4xx_rcc.o(.text)
    TIM_DeInit                               0x08000edd   Thumb Code   346  stm32f4xx_tim.o(.text)
    TIM_TimeBaseInit                         0x08001037   Thumb Code   104  stm32f4xx_tim.o(.text)
    TIM_TimeBaseStructInit                   0x0800109f   Thumb Code    18  stm32f4xx_tim.o(.text)
    TIM_PrescalerConfig                      0x080010b1   Thumb Code     6  stm32f4xx_tim.o(.text)
    TIM_CounterModeConfig                    0x080010b7   Thumb Code    18  stm32f4xx_tim.o(.text)
    TIM_SetCounter                           0x080010c9   Thumb Code     4  stm32f4xx_tim.o(.text)
    TIM_SetAutoreload                        0x080010cd   Thumb Code     4  stm32f4xx_tim.o(.text)
    TIM_GetCounter                           0x080010d1   Thumb Code     6  stm32f4xx_tim.o(.text)
    TIM_GetPrescaler                         0x080010d7   Thumb Code     6  stm32f4xx_tim.o(.text)
    TIM_UpdateDisableConfig                  0x080010dd   Thumb Code    24  stm32f4xx_tim.o(.text)
    TIM_UpdateRequestConfig                  0x080010f5   Thumb Code    24  stm32f4xx_tim.o(.text)
    TIM_ARRPreloadConfig                     0x0800110d   Thumb Code    24  stm32f4xx_tim.o(.text)
    TIM_SelectOnePulseMode                   0x08001125   Thumb Code    18  stm32f4xx_tim.o(.text)
    TIM_SetClockDivision                     0x08001137   Thumb Code    18  stm32f4xx_tim.o(.text)
    TIM_Cmd                                  0x08001149   Thumb Code    24  stm32f4xx_tim.o(.text)
    TIM_OC1Init                              0x08001161   Thumb Code   114  stm32f4xx_tim.o(.text)
    TIM_OC2Init                              0x080011d3   Thumb Code   154  stm32f4xx_tim.o(.text)
    TIM_OC3Init                              0x0800126d   Thumb Code   204  stm32f4xx_tim.o(.text)
    TIM_OC4Init                              0x08001339   Thumb Code   112  stm32f4xx_tim.o(.text)
    TIM_OCStructInit                         0x080013a9   Thumb Code    20  stm32f4xx_tim.o(.text)
    TIM_SelectOCxM                           0x080013bd   Thumb Code    86  stm32f4xx_tim.o(.text)
    TIM_SetCompare1                          0x08001413   Thumb Code     4  stm32f4xx_tim.o(.text)
    TIM_SetCompare2                          0x08001417   Thumb Code     4  stm32f4xx_tim.o(.text)
    TIM_SetCompare3                          0x0800141b   Thumb Code     4  stm32f4xx_tim.o(.text)
    TIM_SetCompare4                          0x0800141f   Thumb Code     4  stm32f4xx_tim.o(.text)
    TIM_ForcedOC1Config                      0x08001423   Thumb Code    18  stm32f4xx_tim.o(.text)
    TIM_ForcedOC2Config                      0x08001435   Thumb Code    26  stm32f4xx_tim.o(.text)
    TIM_ForcedOC3Config                      0x0800144f   Thumb Code    18  stm32f4xx_tim.o(.text)
    TIM_ForcedOC4Config                      0x08001461   Thumb Code    26  stm32f4xx_tim.o(.text)
    TIM_OC1PreloadConfig                     0x0800147b   Thumb Code    18  stm32f4xx_tim.o(.text)
    TIM_OC2PreloadConfig                     0x0800148d   Thumb Code    26  stm32f4xx_tim.o(.text)
    TIM_OC3PreloadConfig                     0x080014a7   Thumb Code    18  stm32f4xx_tim.o(.text)
    TIM_OC4PreloadConfig                     0x080014b9   Thumb Code    26  stm32f4xx_tim.o(.text)
    TIM_OC1FastConfig                        0x080014d3   Thumb Code    18  stm32f4xx_tim.o(.text)
    TIM_OC2FastConfig                        0x080014e5   Thumb Code    26  stm32f4xx_tim.o(.text)
    TIM_OC3FastConfig                        0x080014ff   Thumb Code    18  stm32f4xx_tim.o(.text)
    TIM_OC4FastConfig                        0x08001511   Thumb Code    26  stm32f4xx_tim.o(.text)
    TIM_ClearOC1Ref                          0x0800152b   Thumb Code    18  stm32f4xx_tim.o(.text)
    TIM_ClearOC2Ref                          0x0800153d   Thumb Code    24  stm32f4xx_tim.o(.text)
    TIM_ClearOC3Ref                          0x08001555   Thumb Code    18  stm32f4xx_tim.o(.text)
    TIM_ClearOC4Ref                          0x08001567   Thumb Code    24  stm32f4xx_tim.o(.text)
    TIM_OC1PolarityConfig                    0x0800157f   Thumb Code    18  stm32f4xx_tim.o(.text)
    TIM_OC1NPolarityConfig                   0x08001591   Thumb Code    18  stm32f4xx_tim.o(.text)
    TIM_OC2PolarityConfig                    0x080015a3   Thumb Code    26  stm32f4xx_tim.o(.text)
    TIM_OC2NPolarityConfig                   0x080015bd   Thumb Code    26  stm32f4xx_tim.o(.text)
    TIM_OC3PolarityConfig                    0x080015d7   Thumb Code    26  stm32f4xx_tim.o(.text)
    TIM_OC3NPolarityConfig                   0x080015f1   Thumb Code    26  stm32f4xx_tim.o(.text)
    TIM_OC4PolarityConfig                    0x0800160b   Thumb Code    26  stm32f4xx_tim.o(.text)
    TIM_CCxCmd                               0x08001625   Thumb Code    30  stm32f4xx_tim.o(.text)
    TIM_CCxNCmd                              0x08001643   Thumb Code    30  stm32f4xx_tim.o(.text)
    TIM_SetIC4Prescaler                      0x08001661   Thumb Code    26  stm32f4xx_tim.o(.text)
    TIM_SetIC3Prescaler                      0x080016cb   Thumb Code    18  stm32f4xx_tim.o(.text)
    TIM_SetIC2Prescaler                      0x08001725   Thumb Code    26  stm32f4xx_tim.o(.text)
    TIM_SetIC1Prescaler                      0x08001799   Thumb Code    18  stm32f4xx_tim.o(.text)
    TIM_ICInit                               0x080017e5   Thumb Code   110  stm32f4xx_tim.o(.text)
    TIM_ICStructInit                         0x08001853   Thumb Code    18  stm32f4xx_tim.o(.text)
    TIM_PWMIConfig                           0x08001865   Thumb Code   124  stm32f4xx_tim.o(.text)
    TIM_GetCapture1                          0x080018e1   Thumb Code     6  stm32f4xx_tim.o(.text)
    TIM_GetCapture2                          0x080018e7   Thumb Code     6  stm32f4xx_tim.o(.text)
    TIM_GetCapture3                          0x080018ed   Thumb Code     6  stm32f4xx_tim.o(.text)
    TIM_GetCapture4                          0x080018f3   Thumb Code     6  stm32f4xx_tim.o(.text)
    TIM_BDTRConfig                           0x080018f9   Thumb Code    32  stm32f4xx_tim.o(.text)
    TIM_BDTRStructInit                       0x08001919   Thumb Code    18  stm32f4xx_tim.o(.text)
    TIM_CtrlPWMOutputs                       0x0800192b   Thumb Code    30  stm32f4xx_tim.o(.text)
    TIM_SelectCOM                            0x08001949   Thumb Code    24  stm32f4xx_tim.o(.text)
    TIM_CCPreloadControl                     0x08001961   Thumb Code    24  stm32f4xx_tim.o(.text)
    TIM_ITConfig                             0x08001979   Thumb Code    18  stm32f4xx_tim.o(.text)
    TIM_GenerateEvent                        0x0800198b   Thumb Code     4  stm32f4xx_tim.o(.text)
    TIM_GetFlagStatus                        0x0800198f   Thumb Code    18  stm32f4xx_tim.o(.text)
    TIM_ClearFlag                            0x080019a1   Thumb Code     6  stm32f4xx_tim.o(.text)
    TIM_GetITStatus                          0x080019a7   Thumb Code    34  stm32f4xx_tim.o(.text)
    TIM_ClearITPendingBit                    0x080019c9   Thumb Code     6  stm32f4xx_tim.o(.text)
    TIM_DMAConfig                            0x080019cf   Thumb Code    10  stm32f4xx_tim.o(.text)
    TIM_DMACmd                               0x080019d9   Thumb Code    18  stm32f4xx_tim.o(.text)
    TIM_SelectCCDMA                          0x080019eb   Thumb Code    24  stm32f4xx_tim.o(.text)
    TIM_InternalClockConfig                  0x08001a03   Thumb Code    12  stm32f4xx_tim.o(.text)
    TIM_SelectInputTrigger                   0x08001a0f   Thumb Code    18  stm32f4xx_tim.o(.text)
    TIM_ITRxExternalClockConfig              0x08001a21   Thumb Code    24  stm32f4xx_tim.o(.text)
    TIM_TIxExternalClockConfig               0x08001a39   Thumb Code    62  stm32f4xx_tim.o(.text)
    TIM_ETRConfig                            0x08001a77   Thumb Code    28  stm32f4xx_tim.o(.text)
    TIM_ETRClockMode1Config                  0x08001a93   Thumb Code    54  stm32f4xx_tim.o(.text)
    TIM_ETRClockMode2Config                  0x08001ac9   Thumb Code    32  stm32f4xx_tim.o(.text)
    TIM_SelectOutputTrigger                  0x08001ae9   Thumb Code    18  stm32f4xx_tim.o(.text)
    TIM_SelectSlaveMode                      0x08001afb   Thumb Code    18  stm32f4xx_tim.o(.text)
    TIM_SelectMasterSlaveMode                0x08001b0d   Thumb Code    18  stm32f4xx_tim.o(.text)
    TIM_EncoderInterfaceConfig               0x08001b1f   Thumb Code    66  stm32f4xx_tim.o(.text)
    TIM_SelectHallSensor                     0x08001b61   Thumb Code    24  stm32f4xx_tim.o(.text)
    TIM_RemapConfig                          0x08001b79   Thumb Code     6  stm32f4xx_tim.o(.text)
    USART_DeInit                             0x08001b81   Thumb Code   156  stm32f4xx_usart.o(.text)
    USART_Init                               0x08001c1d   Thumb Code   204  stm32f4xx_usart.o(.text)
    USART_StructInit                         0x08001ce9   Thumb Code    24  stm32f4xx_usart.o(.text)
    USART_ClockInit                          0x08001d01   Thumb Code    32  stm32f4xx_usart.o(.text)
    USART_ClockStructInit                    0x08001d21   Thumb Code    12  stm32f4xx_usart.o(.text)
    USART_Cmd                                0x08001d2d   Thumb Code    24  stm32f4xx_usart.o(.text)
    USART_SetPrescaler                       0x08001d45   Thumb Code    16  stm32f4xx_usart.o(.text)
    USART_OverSampling8Cmd                   0x08001d55   Thumb Code    22  stm32f4xx_usart.o(.text)
    USART_OneBitMethodCmd                    0x08001d6b   Thumb Code    24  stm32f4xx_usart.o(.text)
    USART_SendData                           0x08001d83   Thumb Code     8  stm32f4xx_usart.o(.text)
    USART_ReceiveData                        0x08001d8b   Thumb Code    10  stm32f4xx_usart.o(.text)
    USART_SetAddress                         0x08001d95   Thumb Code    18  stm32f4xx_usart.o(.text)
    USART_ReceiverWakeUpCmd                  0x08001da7   Thumb Code    24  stm32f4xx_usart.o(.text)
    USART_WakeUpConfig                       0x08001dbf   Thumb Code    18  stm32f4xx_usart.o(.text)
    USART_LINBreakDetectLengthConfig         0x08001dd1   Thumb Code    18  stm32f4xx_usart.o(.text)
    USART_LINCmd                             0x08001de3   Thumb Code    24  stm32f4xx_usart.o(.text)
    USART_SendBreak                          0x08001dfb   Thumb Code    10  stm32f4xx_usart.o(.text)
    USART_HalfDuplexCmd                      0x08001e05   Thumb Code    24  stm32f4xx_usart.o(.text)
    USART_SetGuardTime                       0x08001e1d   Thumb Code    16  stm32f4xx_usart.o(.text)
    USART_SmartCardCmd                       0x08001e2d   Thumb Code    24  stm32f4xx_usart.o(.text)
    USART_SmartCardNACKCmd                   0x08001e45   Thumb Code    24  stm32f4xx_usart.o(.text)
    USART_IrDAConfig                         0x08001e5d   Thumb Code    18  stm32f4xx_usart.o(.text)
    USART_IrDACmd                            0x08001e6f   Thumb Code    24  stm32f4xx_usart.o(.text)
    USART_DMACmd                             0x08001e87   Thumb Code    18  stm32f4xx_usart.o(.text)
    USART_ITConfig                           0x08001e99   Thumb Code    74  stm32f4xx_usart.o(.text)
    USART_GetFlagStatus                      0x08001ee3   Thumb Code    26  stm32f4xx_usart.o(.text)
    USART_ClearFlag                          0x08001efd   Thumb Code    18  stm32f4xx_usart.o(.text)
    USART_GetITStatus                        0x08001f0f   Thumb Code   110  stm32f4xx_usart.o(.text)
    USART_ClearITPendingBit                  0x08001f7d   Thumb Code    30  stm32f4xx_usart.o(.text)
    SysTick_Handler                          0x08001f9d   Thumb Code    16  delay.o(.text)
    delay_init                               0x08001fad   Thumb Code    58  delay.o(.text)
    delay_us                                 0x08001fe7   Thumb Code    68  delay.o(.text)
    delay_ms                                 0x0800202b   Thumb Code    60  delay.o(.text)
    delay_xms                                0x08002067   Thumb Code    24  delay.o(.text)
    _sys_exit                                0x08002089   Thumb Code     4  usart.o(.text)
    fputc                                    0x0800208d   Thumb Code    22  usart.o(.text)
    uart_init                                0x080020a3   Thumb Code   164  usart.o(.text)
    USART1_IRQHandler                        0x08002147   Thumb Code   122  usart.o(.text)
    vListInitialise                          0x080021d1   Thumb Code    26  list.o(.text)
    vListInitialiseItem                      0x080021eb   Thumb Code     6  list.o(.text)
    vListInsertEnd                           0x080021f1   Thumb Code    24  list.o(.text)
    vListInsert                              0x08002209   Thumb Code    52  list.o(.text)
    uxListRemove                             0x0800223d   Thumb Code    40  list.o(.text)
    xQueueGenericReset                       0x08002265   Thumb Code   146  queue.o(.text)
    xQueueGenericCreate                      0x08002321   Thumb Code    88  queue.o(.text)
    xQueueGenericSend                        0x08002491   Thumb Code   420  queue.o(.text)
    xQueueCreateMutex                        0x08002651   Thumb Code    34  queue.o(.text)
    xQueueGiveMutexRecursive                 0x08002673   Thumb Code    76  queue.o(.text)
    xQueueSemaphoreTake                      0x080026ed   Thumb Code   434  queue.o(.text)
    xQueueTakeMutexRecursive                 0x0800289f   Thumb Code    78  queue.o(.text)
    xQueueCreateCountingSemaphore            0x080028ed   Thumb Code    92  queue.o(.text)
    xQueueGenericSendFromISR                 0x08002949   Thumb Code   248  queue.o(.text)
    xQueueGiveFromISR                        0x08002a41   Thumb Code   224  queue.o(.text)
    xQueueReceive                            0x08002b4b   Thumb Code   362  queue.o(.text)
    xQueuePeek                               0x08002cb5   Thumb Code   362  queue.o(.text)
    xQueueReceiveFromISR                     0x08002e1f   Thumb Code   202  queue.o(.text)
    xQueuePeekFromISR                        0x08002ee9   Thumb Code   176  queue.o(.text)
    uxQueueMessagesWaiting                   0x08002f99   Thumb Code    42  queue.o(.text)
    uxQueueSpacesAvailable                   0x08002fc3   Thumb Code    52  queue.o(.text)
    uxQueueMessagesWaitingFromISR            0x08002ff7   Thumb Code    30  queue.o(.text)
    vQueueUnregisterQueue                    0x08003015   Thumb Code    44  queue.o(.text)
    vQueueDelete                             0x08003041   Thumb Code    44  queue.o(.text)
    uxQueueGetQueueNumber                    0x0800306d   Thumb Code     6  queue.o(.text)
    vQueueSetQueueNumber                     0x08003073   Thumb Code     4  queue.o(.text)
    ucQueueGetQueueType                      0x08003077   Thumb Code     8  queue.o(.text)
    xQueueIsQueueEmptyFromISR                0x0800307f   Thumb Code    38  queue.o(.text)
    xQueueIsQueueFullFromISR                 0x080030a5   Thumb Code    42  queue.o(.text)
    vQueueAddToRegistry                      0x080030cf   Thumb Code    38  queue.o(.text)
    pcQueueGetName                           0x080030f5   Thumb Code    38  queue.o(.text)
    vQueueWaitForMessageRestricted           0x0800311b   Thumb Code    74  queue.o(.text)
    xTaskCreate                              0x08003301   Thumb Code    96  tasks.o(.text)
    vTaskDelete                              0x0800339d   Thumb Code   202  tasks.o(.text)
    xTaskIncrementTick                       0x08003467   Thumb Code   360  tasks.o(.text)
    xTaskResumeAll                           0x080035cf   Thumb Code   224  tasks.o(.text)
    vTaskSuspendAll                          0x0800372b   Thumb Code    12  tasks.o(.text)
    vTaskDelayUntil                          0x08003737   Thumb Code   200  tasks.o(.text)
    vTaskDelay                               0x080037ff   Thumb Code    82  tasks.o(.text)
    eTaskGetState                            0x08003851   Thumb Code   112  tasks.o(.text)
    uxTaskPriorityGet                        0x080038c1   Thumb Code    30  tasks.o(.text)
    uxTaskPriorityGetFromISR                 0x080038df   Thumb Code    62  tasks.o(.text)
    vTaskPrioritySet                         0x0800391d   Thumb Code   322  tasks.o(.text)
    vTaskSwitchContext                       0x08003a5f   Thumb Code   172  tasks.o(.text)
    vTaskSuspend                             0x08003b0b   Thumb Code   210  tasks.o(.text)
    vTaskResume                              0x08003c2d   Thumb Code   128  tasks.o(.text)
    xTaskResumeFromISR                       0x08003cad   Thumb Code   158  tasks.o(.text)
    vTaskStartScheduler                      0x08003da7   Thumb Code   204  tasks.o(.text)
    vTaskEndScheduler                        0x08003e73   Thumb Code    32  tasks.o(.text)
    xTaskGetTickCount                        0x08003e93   Thumb Code     6  tasks.o(.text)
    xTaskGetTickCountFromISR                 0x08003e99   Thumb Code    16  tasks.o(.text)
    uxTaskGetNumberOfTasks                   0x08003ea9   Thumb Code     6  tasks.o(.text)
    pcTaskGetName                            0x08003eaf   Thumb Code    44  tasks.o(.text)
    vTaskGetInfo                             0x08003ef1   Thumb Code   126  tasks.o(.text)
    uxTaskGetSystemState                     0x08003fd9   Thumb Code   156  tasks.o(.text)
    vTaskPlaceOnEventList                    0x08004075   Thumb Code    52  tasks.o(.text)
    vTaskPlaceOnUnorderedEventList           0x080040a9   Thumb Code   100  tasks.o(.text)
    vTaskPlaceOnEventListRestricted          0x0800410d   Thumb Code    60  tasks.o(.text)
    xTaskRemoveFromEventList                 0x08004149   Thumb Code   128  tasks.o(.text)
    vTaskRemoveFromUnorderedEventList        0x080041c9   Thumb Code   202  tasks.o(.text)
    vTaskSetTimeOutState                     0x08004293   Thumb Code    50  tasks.o(.text)
    vTaskInternalSetTimeOutState             0x080042c5   Thumb Code    14  tasks.o(.text)
    xTaskCheckForTimeOut                     0x080042d3   Thumb Code   132  tasks.o(.text)
    vTaskMissedYield                         0x08004357   Thumb Code     8  tasks.o(.text)
    uxTaskGetTaskNumber                      0x0800435f   Thumb Code    14  tasks.o(.text)
    vTaskSetTaskNumber                       0x0800436d   Thumb Code     8  tasks.o(.text)
    xTaskGetCurrentTaskHandle                0x08004375   Thumb Code     6  tasks.o(.text)
    xTaskGetSchedulerState                   0x0800437b   Thumb Code    24  tasks.o(.text)
    xTaskPriorityInherit                     0x08004393   Thumb Code   186  tasks.o(.text)
    xTaskPriorityDisinherit                  0x0800444d   Thumb Code   188  tasks.o(.text)
    vTaskPriorityDisinheritAfterTimeout      0x08004509   Thumb Code   230  tasks.o(.text)
    vTaskList                                0x08004619   Thumb Code   242  tasks.o(.text)
    vTaskGetRunTimeStats                     0x0800470b   Thumb Code   182  tasks.o(.text)
    uxTaskResetEventItemValue                0x080047c1   Thumb Code    24  tasks.o(.text)
    pvTaskIncrementMutexHeldCount            0x080047d9   Thumb Code    26  tasks.o(.text)
    ulTaskNotifyTake                         0x080047f3   Thumb Code   108  tasks.o(.text)
    xTaskNotifyWait                          0x0800485f   Thumb Code   150  tasks.o(.text)
    xTaskGenericNotify                       0x080048f5   Thumb Code   242  tasks.o(.text)
    xTaskGenericNotifyFromISR                0x080049e7   Thumb Code   364  tasks.o(.text)
    vTaskNotifyGiveFromISR                   0x08004b53   Thumb Code   216  tasks.o(.text)
    xTaskNotifyStateClear                    0x08004c2b   Thumb Code    48  tasks.o(.text)
    xTimerGenericCommand                     0x08004cc5   Thumb Code   126  timers.o(.text)
    xTimerCreateTimerTask                    0x0800503b   Thumb Code   118  timers.o(.text)
    xTimerCreate                             0x080050ff   Thumb Code    48  timers.o(.text)
    xTimerGetTimerDaemonTaskHandle           0x0800512f   Thumb Code    42  timers.o(.text)
    xTimerGetPeriod                          0x08005159   Thumb Code    32  timers.o(.text)
    xTimerGetExpiryTime                      0x08005179   Thumb Code    34  timers.o(.text)
    pcTimerGetName                           0x0800519b   Thumb Code    32  timers.o(.text)
    xTimerIsTimerActive                      0x080051bb   Thumb Code    56  timers.o(.text)
    pvTimerGetTimerID                        0x080051f3   Thumb Code    44  timers.o(.text)
    vTimerSetTimerID                         0x0800521f   Thumb Code    44  timers.o(.text)
    uxTimerGetTimerNumber                    0x0800524b   Thumb Code     6  timers.o(.text)
    vTimerSetTimerNumber                     0x08005251   Thumb Code     4  timers.o(.text)
    pxPortInitialiseStack                    0x08005295   Thumb Code    38  port.o(.text)
    vPortSetupTimerInterrupt                 0x080052bb   Thumb Code    36  port.o(.text)
    xPortStartScheduler                      0x080052df   Thumb Code   372  port.o(.text)
    vPortEndScheduler                        0x08005453   Thumb Code    42  port.o(.text)
    vPortEnterCritical                       0x0800547d   Thumb Code    78  port.o(.text)
    vPortExitCritical                        0x080054cb   Thumb Code    56  port.o(.text)
    xPortSysTickHandler                      0x08005503   Thumb Code    48  port.o(.text)
    vPortValidateInterruptPriority           0x08005533   Thumb Code   108  port.o(.text)
    pvPortMalloc                             0x08005687   Thumb Code   296  heap_4.o(.text)
    vPortFree                                0x080057af   Thumb Code   140  heap_4.o(.text)
    xPortGetFreeHeapSize                     0x0800583b   Thumb Code     6  heap_4.o(.text)
    xPortGetMinimumEverFreeHeapSize          0x08005841   Thumb Code     6  heap_4.o(.text)
    vPortInitialiseBlocks                    0x08005847   Thumb Code     2  heap_4.o(.text)
    LED_Init                                 0x08005861   Thumb Code    50  led.o(.text)
    TIM3_Int_Init                            0x08005899   Thumb Code    88  timer.o(.text)
    ConfigureTimeForRunTimeStats             0x080058f1   Thumb Code    20  timer.o(.text)
    TIM3_IRQHandler                          0x08005905   Thumb Code    42  timer.o(.text)
    __aeabi_memcpy                           0x08005939   Thumb Code    36  memcpya.o(.text)
    __aeabi_memcpy4                          0x08005939   Thumb Code     0  memcpya.o(.text)
    __aeabi_memcpy8                          0x08005939   Thumb Code     0  memcpya.o(.text)
    __aeabi_memset                           0x0800595d   Thumb Code    14  memseta.o(.text)
    __aeabi_memset4                          0x0800595d   Thumb Code     0  memseta.o(.text)
    __aeabi_memset8                          0x0800595d   Thumb Code     0  memseta.o(.text)
    __aeabi_memclr                           0x0800596b   Thumb Code     4  memseta.o(.text)
    __aeabi_memclr4                          0x0800596b   Thumb Code     0  memseta.o(.text)
    __aeabi_memclr8                          0x0800596b   Thumb Code     0  memseta.o(.text)
    memset                                   0x0800596f   Thumb Code    18  memseta.o(.text)
    strlen                                   0x08005981   Thumb Code    14  strlen.o(.text)
    strcpy                                   0x0800598f   Thumb Code    18  strcpy.o(.text)
    __aeabi_uidiv                            0x080059a1   Thumb Code     0  uidiv.o(.text)
    __aeabi_uidivmod                         0x080059a1   Thumb Code    44  uidiv.o(.text)
    __scatterload                            0x080059cd   Thumb Code    28  init.o(.text)
    __scatterload_rt2                        0x080059cd   Thumb Code     0  init.o(.text)
    __0printf$3                              0x080059f1   Thumb Code    22  printf3.o(i.__0printf$3)
    __1printf$3                              0x080059f1   Thumb Code     0  printf3.o(i.__0printf$3)
    __2printf                                0x080059f1   Thumb Code     0  printf3.o(i.__0printf$3)
    __0sprintf$3                             0x08005a11   Thumb Code    34  printf3.o(i.__0sprintf$3)
    __1sprintf$3                             0x08005a11   Thumb Code     0  printf3.o(i.__0sprintf$3)
    __2sprintf                               0x08005a11   Thumb Code     0  printf3.o(i.__0sprintf$3)
    __scatterload_copy                       0x08005a39   Thumb Code    14  handlers.o(i.__scatterload_copy)
    __scatterload_null                       0x08005a47   Thumb Code     2  handlers.o(i.__scatterload_null)
    __scatterload_zeroinit                   0x08005a49   Thumb Code    14  handlers.o(i.__scatterload_zeroinit)
    Region$$Table$$Base                      0x08005c1c   Number         0  anon$$obj.o(Region$$Table)
    Region$$Table$$Limit                     0x08005c3c   Number         0  anon$$obj.o(Region$$Table)
    StartTask_Handler                        0x20000000   Data           4  main.o(.data)
    LED0Task_Handler                         0x20000004   Data           4  main.o(.data)
    LED1Task_Handler                         0x20000008   Data           4  main.o(.data)
    RUNSTATETask_Handler                     0x2000000c   Data           4  main.o(.data)
    Usart1_Queue                             0x20000010   Data           4  main.o(.data)
    SystemCoreClock                          0x20000014   Data           4  system_stm32f4xx.o(.data)
    AHBPrescTable                            0x20000018   Data          16  system_stm32f4xx.o(.data)
    __stdout                                 0x2000003c   Data           4  usart.o(.data)
    USART_RX_STA                             0x20000040   Data           2  usart.o(.data)
    pxCurrentTCB                             0x20000044   Data           4  tasks.o(.data)
    FreeRTOSRunTimeTicks                     0x200000c0   Data           8  timer.o(.data)
    USART_RX_BUF                             0x200000c8   Data         200  usart.o(.bss)
    xQueueRegistry                           0x20000190   Data          64  queue.o(.bss)
    __initial_sp                             0x20014ec0   Data           0  startup_stm32f4xx.o(STACK)



==============================================================================

Memory Map of the image

  Image Entry point : 0x08000189

  Load Region LR_IROM1 (Base: 0x08000000, Size: 0x00005d04, Max: 0x00100000, ABSOLUTE)

    Execution Region ER_IROM1 (Exec base: 0x08000000, Load base: 0x08000000, Size: 0x00005c3c, Max: 0x00100000, ABSOLUTE)

    Exec Addr    Load Addr    Size         Type   Attr      Idx    E Section Name        Object

    0x08000000   0x08000000   0x00000188   Data   RO          250    RESET               startup_stm32f4xx.o
    0x08000188   0x08000188   0x00000000   Code   RO          788  * .ARM.Collect$$$$00000000  mc_w.l(entry.o)
    0x08000188   0x08000188   0x00000004   Code   RO         1064    .ARM.Collect$$$$00000001  mc_w.l(entry2.o)
    0x0800018c   0x0800018c   0x00000004   Code   RO         1067    .ARM.Collect$$$$00000004  mc_w.l(entry5.o)
    0x08000190   0x08000190   0x00000000   Code   RO         1069    .ARM.Collect$$$$00000008  mc_w.l(entry7b.o)
    0x08000190   0x08000190   0x00000000   Code   RO         1071    .ARM.Collect$$$$0000000A  mc_w.l(entry8b.o)
    0x08000190   0x08000190   0x00000008   Code   RO         1072    .ARM.Collect$$$$0000000B  mc_w.l(entry9a.o)
    0x08000198   0x08000198   0x00000000   Code   RO         1074    .ARM.Collect$$$$0000000D  mc_w.l(entry10a.o)
    0x08000198   0x08000198   0x00000000   Code   RO         1076    .ARM.Collect$$$$0000000F  mc_w.l(entry11a.o)
    0x08000198   0x08000198   0x00000004   Code   RO         1065    .ARM.Collect$$$$00002712  mc_w.l(entry2.o)
    0x0800019c   0x0800019c   0x000000c6   Code   RO          657    .emb_text           port.o
    0x08000262   0x08000262   0x00000002   PAD
    0x08000264   0x08000264   0x0000016c   Code   RO            2    .text               main.o
    0x080003d0   0x080003d0   0x00000014   Code   RO          182    .text               stm32f4xx_it.o
    0x080003e4   0x080003e4   0x00000210   Code   RO          227    .text               system_stm32f4xx.o
    0x080005f4   0x080005f4   0x00000024   Code   RO          251    .text               startup_stm32f4xx.o
    0x08000618   0x08000618   0x000000e0   Code   RO          256    .text               misc.o
    0x080006f8   0x080006f8   0x0000025c   Code   RO          304    .text               stm32f4xx_gpio.o
    0x08000954   0x08000954   0x00000588   Code   RO          320    .text               stm32f4xx_rcc.o
    0x08000edc   0x08000edc   0x00000ca2   Code   RO          370    .text               stm32f4xx_tim.o
    0x08001b7e   0x08001b7e   0x00000002   PAD
    0x08001b80   0x08001b80   0x0000041a   Code   RO          386    .text               stm32f4xx_usart.o
    0x08001f9a   0x08001f9a   0x00000002   PAD
    0x08001f9c   0x08001f9c   0x000000ec   Code   RO          402    .text               delay.o
    0x08002088   0x08002088   0x00000148   Code   RO          433    .text               usart.o
    0x080021d0   0x080021d0   0x00000094   Code   RO          528    .text               list.o
    0x08002264   0x08002264   0x00000f04   Code   RO          547    .text               queue.o
    0x08003168   0x08003168   0x00001b0c   Code   RO          600    .text               tasks.o
    0x08004c74   0x08004c74   0x000005e4   Code   RO          627    .text               timers.o
    0x08005258   0x08005258   0x0000036c   Code   RO          658    .text               port.o
    0x080055c4   0x080055c4   0x0000029c   Code   RO          688    .text               heap_4.o
    0x08005860   0x08005860   0x00000038   Code   RO          713    .text               led.o
    0x08005898   0x08005898   0x000000a0   Code   RO          767    .text               timer.o
    0x08005938   0x08005938   0x00000024   Code   RO          791    .text               mc_w.l(memcpya.o)
    0x0800595c   0x0800595c   0x00000024   Code   RO          795    .text               mc_w.l(memseta.o)
    0x08005980   0x08005980   0x0000000e   Code   RO          797    .text               mc_w.l(strlen.o)
    0x0800598e   0x0800598e   0x00000012   Code   RO          799    .text               mc_w.l(strcpy.o)
    0x080059a0   0x080059a0   0x0000002c   Code   RO         1078    .text               mc_w.l(uidiv.o)
    0x080059cc   0x080059cc   0x00000024   Code   RO         1093    .text               mc_w.l(init.o)
    0x080059f0   0x080059f0   0x00000020   Code   RO          892    i.__0printf$3       mc_w.l(printf3.o)
    0x08005a10   0x08005a10   0x00000028   Code   RO          894    i.__0sprintf$3      mc_w.l(printf3.o)
    0x08005a38   0x08005a38   0x0000000e   Code   RO         1105    i.__scatterload_copy  mc_w.l(handlers.o)
    0x08005a46   0x08005a46   0x00000002   Code   RO         1106    i.__scatterload_null  mc_w.l(handlers.o)
    0x08005a48   0x08005a48   0x0000000e   Code   RO         1107    i.__scatterload_zeroinit  mc_w.l(handlers.o)
    0x08005a56   0x08005a56   0x00000002   PAD
    0x08005a58   0x08005a58   0x000001b8   Code   RO          899    i._printf_core      mc_w.l(printf3.o)
    0x08005c10   0x08005c10   0x0000000a   Code   RO          901    i._sputc            mc_w.l(printf3.o)
    0x08005c1a   0x08005c1a   0x00000002   PAD
    0x08005c1c   0x08005c1c   0x00000020   Data   RO         1103    Region$$Table       anon$$obj.o


    Execution Region RW_IRAM1 (Exec base: 0x20000000, Load base: 0x08005c3c, Size: 0x00014ec0, Max: 0x00020000, ABSOLUTE)

    Exec Addr    Load Addr    Size         Type   Attr      Idx    E Section Name        Object

    0x20000000   0x08005c3c   0x00000014   Data   RW            3    .data               main.o
    0x20000014   0x08005c50   0x00000014   Data   RW          228    .data               system_stm32f4xx.o
    0x20000028   0x08005c64   0x00000010   Data   RW          321    .data               stm32f4xx_rcc.o
    0x20000038   0x08005c74   0x00000004   Data   RW          403    .data               delay.o
    0x2000003c   0x08005c78   0x00000006   Data   RW          435    .data               usart.o
    0x20000042   0x08005c7e   0x00000002   PAD
    0x20000044   0x08005c80   0x00000044   Data   RW          602    .data               tasks.o
    0x20000088   0x08005cc4   0x00000014   Data   RW          629    .data               timers.o
    0x2000009c   0x08005cd8   0x0000000c   Data   RW          659    .data               port.o
    0x200000a8   0x08005ce4   0x00000018   Data   RW          690    .data               heap_4.o
    0x200000c0   0x08005cfc   0x00000008   Data   RW          768    .data               timer.o
    0x200000c8        -       0x000000c8   Zero   RW          434    .bss                usart.o
    0x20000190        -       0x00000040   Zero   RW          548    .bss                queue.o
    0x200001d0        -       0x000000c8   Zero   RW          601    .bss                tasks.o
    0x20000298        -       0x00000028   Zero   RW          628    .bss                timers.o
    0x200002c0        -       0x00012c00   Zero   RW          689    .bss                heap_4.o
    0x20012ec0        -       0x00002000   Zero   RW          248    STACK               startup_stm32f4xx.o


==============================================================================

Image component sizes


      Code (inc. data)   RO Data    RW Data    ZI Data      Debug   Object Name

       236         10          0          4          0       1673   delay.o
         0          0          0          0          0      11756   event_groups.o
       668         24          0         24      76800       3764   heap_4.o
        56          6          0          0          0        527   led.o
       148          0          0          0          0       1954   list.o
       364         94          0         20          0     272572   main.o
       224         20          0          0          0       2013   misc.o
      1074         54          0         12          0       9151   port.o
      3844         18          0          0         64      18676   queue.o
        36          8        392          0       8192        804   startup_stm32f4xx.o
       604         36          0          0          0       4321   stm32f4xx_gpio.o
        20          0          0          0          0        951   stm32f4xx_it.o
      1416         48          0         16          0      11275   stm32f4xx_rcc.o
      3234         60          0          0          0      23208   stm32f4xx_tim.o
      1050         26          0          0          0       8052   stm32f4xx_usart.o
       528         46          0         20          0       1799   system_stm32f4xx.o
      6924        416          0         68        200      28146   tasks.o
       160         10          0          8          0       1252   timer.o
      1508         66          0         20         40      17190   timers.o
       328         16          0          6        200       3338   usart.o

    ----------------------------------------------------------------------
     22428        958        424        200      85496     422422   Object Totals
         0          0         32          0          0          0   (incl. Generated)
         6          0          0          2          0          0   (incl. Padding)

    ----------------------------------------------------------------------

      Code (inc. data)   RO Data    RW Data    ZI Data      Debug   Library Member Name

         0          0          0          0          0          0   entry.o
         0          0          0          0          0          0   entry10a.o
         0          0          0          0          0          0   entry11a.o
         8          4          0          0          0          0   entry2.o
         4          0          0          0          0          0   entry5.o
         0          0          0          0          0          0   entry7b.o
         0          0          0          0          0          0   entry8b.o
         8          4          0          0          0          0   entry9a.o
        30          0          0          0          0          0   handlers.o
        36          8          0          0          0         68   init.o
        36          0          0          0          0         68   memcpya.o
        36          0          0          0          0        108   memseta.o
       522         20          0          0          0        336   printf3.o
        18          0          0          0          0         68   strcpy.o
        14          0          0          0          0         68   strlen.o
        44          0          0          0          0         80   uidiv.o

    ----------------------------------------------------------------------
       760         36          0          0          0        796   Library Totals
         4          0          0          0          0          0   (incl. Padding)

    ----------------------------------------------------------------------

      Code (inc. data)   RO Data    RW Data    ZI Data      Debug   Library Name

       756         36          0          0          0        796   mc_w.l

    ----------------------------------------------------------------------
       760         36          0          0          0        796   Library Totals

    ----------------------------------------------------------------------

==============================================================================


      Code (inc. data)   RO Data    RW Data    ZI Data      Debug   

     23188        994        424        200      85496     418710   Grand Totals
     23188        994        424        200      85496     418710   ELF Image Totals
     23188        994        424        200          0          0   ROM Totals

==============================================================================

    Total RO  Size (Code + RO Data)                23612 (  23.06kB)
    Total RW  Size (RW Data + ZI Data)             85696 (  83.69kB)
    Total ROM Size (Code + RO Data + RW Data)      23812 (  23.25kB)

==============================================================================

